
> unite-hub@1.0.0 prebuild
> node scripts/validate-env-production.mjs

[dotenv@17.2.3] injecting env (72) from .env.local -- tip: ­ƒæÑ sync secrets across teammates & machines: https://dotenvx.com/ops
[dotenv@17.2.3] injecting env (0) from .env -- tip: ÔÜÖ´©Å  write to custom object with { processEnv: myObject }
[36m
ÔòöÔòÉÔòÉÔòÉÔòÉÔòÉÔòÉÔòÉÔòÉÔòÉÔòÉÔòÉÔòÉÔòÉÔòÉÔòÉÔòÉÔòÉÔòÉÔòÉÔòÉÔòÉÔòÉÔòÉÔòÉÔòÉÔòÉÔòÉÔòÉÔòÉÔòÉÔòÉÔòÉÔòÉÔòÉÔòÉÔòÉÔòÉÔòÉÔòÉÔòÉÔòÉÔòÉÔòÉÔòÉÔòÉÔòÉÔòÉÔòÉÔòÉÔòÉÔòÉÔòÉÔòÉÔòÉÔòÉÔòÉÔòÉÔòÉÔòÉÔòù[0m
[36mÔòæ     Unite-Hub Production Environment Validation          Ôòæ[0m
[36mÔòÜÔòÉÔòÉÔòÉÔòÉÔòÉÔòÉÔòÉÔòÉÔòÉÔòÉÔòÉÔòÉÔòÉÔòÉÔòÉÔòÉÔòÉÔòÉÔòÉÔòÉÔòÉÔòÉÔòÉÔòÉÔòÉÔòÉÔòÉÔòÉÔòÉÔòÉÔòÉÔòÉÔòÉÔòÉÔòÉÔòÉÔòÉÔòÉÔòÉÔòÉÔòÉÔòÉÔòÉÔòÉÔòÉÔòÉÔòÉÔòÉÔòÉÔòÉÔòÉÔòÉÔòÉÔòÉÔòÉÔòÉÔòÉÔòÉÔòÉÔòØ
[0m
[1m
[Next.js][0m
ÔöÇÔöÇÔöÇÔöÇÔöÇÔöÇÔöÇÔöÇÔöÇÔöÇÔöÇÔöÇÔöÇÔöÇÔöÇÔöÇÔöÇÔöÇÔöÇÔöÇÔöÇÔöÇÔöÇÔöÇÔöÇÔöÇÔöÇÔöÇÔöÇÔöÇÔöÇÔöÇÔöÇÔöÇÔöÇÔöÇÔöÇÔöÇÔöÇÔöÇÔöÇÔöÇÔöÇÔöÇÔöÇÔöÇÔöÇÔöÇÔöÇÔöÇÔöÇÔöÇÔöÇÔöÇÔöÇÔöÇÔöÇÔöÇÔöÇÔöÇ
[33mÔùï NODE_ENV[0m
[33m  Not set (optional)[0m
  Node environment (development, production, test)
[32mÔ£ô NEXTAUTH_URL[0m
[32m  http://localhost:3008[0m
[32mÔ£ô NEXTAUTH_SECRET[0m
[32m  ZQa8LF40...mnQ=[0m
[1m
[Supabase][0m
ÔöÇÔöÇÔöÇÔöÇÔöÇÔöÇÔöÇÔöÇÔöÇÔöÇÔöÇÔöÇÔöÇÔöÇÔöÇÔöÇÔöÇÔöÇÔöÇÔöÇÔöÇÔöÇÔöÇÔöÇÔöÇÔöÇÔöÇÔöÇÔöÇÔöÇÔöÇÔöÇÔöÇÔöÇÔöÇÔöÇÔöÇÔöÇÔöÇÔöÇÔöÇÔöÇÔöÇÔöÇÔöÇÔöÇÔöÇÔöÇÔöÇÔöÇÔöÇÔöÇÔöÇÔöÇÔöÇÔöÇÔöÇÔöÇÔöÇÔöÇ
[32mÔ£ô NEXT_PUBLIC_SUPABASE_URL[0m
[32m  https://lksfwktwtmyznckodsau.supabase.co[0m
[32mÔ£ô NEXT_PUBLIC_SUPABASE_ANON_KEY[0m
[32m  eyJhbGci...UtTw[0m
[32mÔ£ô SUPABASE_SERVICE_ROLE_KEY[0m
[32m  eyJhbGci...iN7Q[0m
[1m
[Google OAuth][0m
ÔöÇÔöÇÔöÇÔöÇÔöÇÔöÇÔöÇÔöÇÔöÇÔöÇÔöÇÔöÇÔöÇÔöÇÔöÇÔöÇÔöÇÔöÇÔöÇÔöÇÔöÇÔöÇÔöÇÔöÇÔöÇÔöÇÔöÇÔöÇÔöÇÔöÇÔöÇÔöÇÔöÇÔöÇÔöÇÔöÇÔöÇÔöÇÔöÇÔöÇÔöÇÔöÇÔöÇÔöÇÔöÇÔöÇÔöÇÔöÇÔöÇÔöÇÔöÇÔöÇÔöÇÔöÇÔöÇÔöÇÔöÇÔöÇÔöÇÔöÇ
[32mÔ£ô GOOGLE_CLIENT_ID[0m
[32m  53715303....com[0m
[32mÔ£ô GOOGLE_CLIENT_SECRET[0m
[32m  GOCSPX-A..._gWC[0m
[32mÔ£ô GOOGLE_CALLBACK_URL[0m
[32m  http://localhost:3008/api/integrations/gmail/callback[0m
[1m
[AI Services][0m
ÔöÇÔöÇÔöÇÔöÇÔöÇÔöÇÔöÇÔöÇÔöÇÔöÇÔöÇÔöÇÔöÇÔöÇÔöÇÔöÇÔöÇÔöÇÔöÇÔöÇÔöÇÔöÇÔöÇÔöÇÔöÇÔöÇÔöÇÔöÇÔöÇÔöÇÔöÇÔöÇÔöÇÔöÇÔöÇÔöÇÔöÇÔöÇÔöÇÔöÇÔöÇÔöÇÔöÇÔöÇÔöÇÔöÇÔöÇÔöÇÔöÇÔöÇÔöÇÔöÇÔöÇÔöÇÔöÇÔöÇÔöÇÔöÇÔöÇÔöÇ
[32mÔ£ô ANTHROPIC_API_KEY[0m
[32m  sk-ant-a...CQAA[0m
[32mÔ£ô OPENAI_API_KEY[0m
[32m  sk-proj-...50YA[0m
[32mÔ£ô OPENROUTER_API_KEY[0m
[32m  sk-or-v1...911a[0m
[32mÔ£ô PERPLEXITY_API_KEY[0m
[32m  pplx-zIK...mNYX[0m
[32mÔ£ô GEMINI_API_KEY[0m
[32m  AIzaSyDJ...Diak[0m
[1m
[Email Services][0m
ÔöÇÔöÇÔöÇÔöÇÔöÇÔöÇÔöÇÔöÇÔöÇÔöÇÔöÇÔöÇÔöÇÔöÇÔöÇÔöÇÔöÇÔöÇÔöÇÔöÇÔöÇÔöÇÔöÇÔöÇÔöÇÔöÇÔöÇÔöÇÔöÇÔöÇÔöÇÔöÇÔöÇÔöÇÔöÇÔöÇÔöÇÔöÇÔöÇÔöÇÔöÇÔöÇÔöÇÔöÇÔöÇÔöÇÔöÇÔöÇÔöÇÔöÇÔöÇÔöÇÔöÇÔöÇÔöÇÔöÇÔöÇÔöÇÔöÇÔöÇ
[32mÔ£ô SENDGRID_API_KEY[0m
[32m  SG.DzIFr...DGSw[0m
[33mÔùï RESEND_API_KEY[0m
[33m  Not set (optional)[0m
  Resend API key (priority 2)
[32mÔ£ô EMAIL_SERVER_HOST[0m
[32m  smtp.gmail.com[0m
[32mÔ£ô EMAIL_SERVER_PORT[0m
[32m  ***[0m
[32mÔ£ô EMAIL_SERVER_USER[0m
[32m  contact@...p.in[0m
[32mÔ£ô EMAIL_SERVER_PASSWORD[0m
[32m  vulguict...oahx[0m
[32mÔ£ô EMAIL_FROM[0m
[32m  contact@...p.in[0m
[1m
[Stripe][0m
ÔöÇÔöÇÔöÇÔöÇÔöÇÔöÇÔöÇÔöÇÔöÇÔöÇÔöÇÔöÇÔöÇÔöÇÔöÇÔöÇÔöÇÔöÇÔöÇÔöÇÔöÇÔöÇÔöÇÔöÇÔöÇÔöÇÔöÇÔöÇÔöÇÔöÇÔöÇÔöÇÔöÇÔöÇÔöÇÔöÇÔöÇÔöÇÔöÇÔöÇÔöÇÔöÇÔöÇÔöÇÔöÇÔöÇÔöÇÔöÇÔöÇÔöÇÔöÇÔöÇÔöÇÔöÇÔöÇÔöÇÔöÇÔöÇÔöÇÔöÇ
[32mÔ£ô STRIPE_SECRET_KEY[0m
[32m  sk_live_...2KKu[0m
[32mÔ£ô STRIPE_PRICE_ID_STARTER[0m
[32m  price_1S...WQER[0m
[32mÔ£ô STRIPE_PRICE_ID_PROFESSIONAL[0m
[32m  price_1S...r5cP[0m
[33mÔùï STRIPE_PRICE_ID_ENTERPRISE[0m
[33m  Not set (optional)[0m
  Stripe price ID for Enterprise plan
[32mÔ£ô NEXT_PUBLIC_STRIPE_PUBLISHABLE_KEY[0m
[32m  pk_test_...ZY7z[0m
[32mÔ£ô STRIPE_WEBHOOK_SECRET[0m
[32m  whsec_f8...359d[0m
[1m
[Redis][0m
ÔöÇÔöÇÔöÇÔöÇÔöÇÔöÇÔöÇÔöÇÔöÇÔöÇÔöÇÔöÇÔöÇÔöÇÔöÇÔöÇÔöÇÔöÇÔöÇÔöÇÔöÇÔöÇÔöÇÔöÇÔöÇÔöÇÔöÇÔöÇÔöÇÔöÇÔöÇÔöÇÔöÇÔöÇÔöÇÔöÇÔöÇÔöÇÔöÇÔöÇÔöÇÔöÇÔöÇÔöÇÔöÇÔöÇÔöÇÔöÇÔöÇÔöÇÔöÇÔöÇÔöÇÔöÇÔöÇÔöÇÔöÇÔöÇÔöÇÔöÇ
[32mÔ£ô REDIS_URL[0m
[32m  redis://localhost:6379[0m
[33mÔùï UPSTASH_REDIS_REST_URL[0m
[33m  Not set (optional)[0m
  Upstash Redis REST URL
[33mÔùï UPSTASH_REDIS_REST_TOKEN[0m
[33m  Not set (optional)[0m
  Upstash Redis REST token
[1m
[Monitoring][0m
ÔöÇÔöÇÔöÇÔöÇÔöÇÔöÇÔöÇÔöÇÔöÇÔöÇÔöÇÔöÇÔöÇÔöÇÔöÇÔöÇÔöÇÔöÇÔöÇÔöÇÔöÇÔöÇÔöÇÔöÇÔöÇÔöÇÔöÇÔöÇÔöÇÔöÇÔöÇÔöÇÔöÇÔöÇÔöÇÔöÇÔöÇÔöÇÔöÇÔöÇÔöÇÔöÇÔöÇÔöÇÔöÇÔöÇÔöÇÔöÇÔöÇÔöÇÔöÇÔöÇÔöÇÔöÇÔöÇÔöÇÔöÇÔöÇÔöÇÔöÇ
[33mÔùï SENTRY_DSN[0m
[33m  Not set (optional)[0m
  Sentry error tracking DSN
[33mÔùï NEXT_PUBLIC_POSTHOG_KEY[0m
[33m  Not set (optional)[0m
  PostHog analytics key
[33mÔùï NEXT_PUBLIC_POSTHOG_HOST[0m
[33m  Not set (optional)[0m
  PostHog host URL
[1m

[Additional Validations][0m
ÔöÇÔöÇÔöÇÔöÇÔöÇÔöÇÔöÇÔöÇÔöÇÔöÇÔöÇÔöÇÔöÇÔöÇÔöÇÔöÇÔöÇÔöÇÔöÇÔöÇÔöÇÔöÇÔöÇÔöÇÔöÇÔöÇÔöÇÔöÇÔöÇÔöÇÔöÇÔöÇÔöÇÔöÇÔöÇÔöÇÔöÇÔöÇÔöÇÔöÇÔöÇÔöÇÔöÇÔöÇÔöÇÔöÇÔöÇÔöÇÔöÇÔöÇÔöÇÔöÇÔöÇÔöÇÔöÇÔöÇÔöÇÔöÇÔöÇÔöÇ
[32mÔ£ô Email service: SendGrid (priority 1)[0m
[32mÔ£ô Redis: Standard Redis URL[0m
[36m

ÔòöÔòÉÔòÉÔòÉÔòÉÔòÉÔòÉÔòÉÔòÉÔòÉÔòÉÔòÉÔòÉÔòÉÔòÉÔòÉÔòÉÔòÉÔòÉÔòÉÔòÉÔòÉÔòÉÔòÉÔòÉÔòÉÔòÉÔòÉÔòÉÔòÉÔòÉÔòÉÔòÉÔòÉÔòÉÔòÉÔòÉÔòÉÔòÉÔòÉÔòÉÔòÉÔòÉÔòÉÔòÉÔòÉÔòÉÔòÉÔòÉÔòÉÔòÉÔòÉÔòÉÔòÉÔòÉÔòÉÔòÉÔòÉÔòÉÔòÉÔòù[0m
[36mÔòæ                   Validation Summary                      Ôòæ[0m
[36mÔòÜÔòÉÔòÉÔòÉÔòÉÔòÉÔòÉÔòÉÔòÉÔòÉÔòÉÔòÉÔòÉÔòÉÔòÉÔòÉÔòÉÔòÉÔòÉÔòÉÔòÉÔòÉÔòÉÔòÉÔòÉÔòÉÔòÉÔòÉÔòÉÔòÉÔòÉÔòÉÔòÉÔòÉÔòÉÔòÉÔòÉÔòÉÔòÉÔòÉÔòÉÔòÉÔòÉÔòÉÔòÉÔòÉÔòÉÔòÉÔòÉÔòÉÔòÉÔòÉÔòÉÔòÉÔòÉÔòÉÔòÉÔòÉÔòÉÔòÉÔòØ
[0m
Total variables checked: [1m33[0m
Required variables: [1m8[0m
Passed: [32m25[0m
Failed: [32m0[0m
Warnings: [32m0[0m
Missing (optional): [33m8[0m
[32m
Ô£à Environment validation PASSED[0m
[32mAll required variables are set and valid.
[0m

> unite-hub@1.0.0 build
> cross-env NODE_OPTIONS=--max-old-space-size=6144 next build

   Ôû▓ Next.js 15.5.7
   - Environments: .env.local, .env.production
   - Experiments (use with caution):
     Ô£ô optimizeCss
     ┬À optimizePackageImports

   Creating an optimized production build ...
node.exe :  ÔÜá Compiled with warnings in 3.8min
At C:\Users\Disaster Recovery 4\AppData\Roaming\npm\npm.ps1:24 char:5
+     & "node$exe"  "$basedir/node_modules/npm/bin/npm-cli.js" $args
+     ~~~~~~~~~~~~~~~~~~~~~~~~~~~~~~~~~~~~~~~~~~~~~~~~~~~~~~~~~~~~~~
    + CategoryInfo          : NotSpecified: ( ÔÜá Compiled with warnings in 3.8min:String) [], RemoteException
    + FullyQualifiedErrorId : NativeCommandError
 

./src/app/founder/cognitive-twin/digests/[id]/page.tsx
Attempted import error: 'DigestViewer' is not exported from '@/components/cognitiveTwin/DigestViewer' (imported as 'DigestViewer').

Import trace for requested module:
./src/app/founder/cognitive-twin/digests/[id]/page.tsx

./src/app/founder/cognitive-twin/domains/[domain]/page.tsx
Attempted import error: 'HealthTrendChart' is not exported from '@/components/cognitiveTwin/HealthTrendChart' (imported as 'HealthTrendChart').

Import trace for requested module:
./src/app/founder/cognitive-twin/domains/[domain]/page.tsx

./src/app/founder/cognitive-twin/page.tsx
Attempted import error: 'DomainHealthGrid' is not exported from '@/components/cognitiveTwin/DomainHealthGrid' (imported as 'DomainHealthGrid').

Import trace for requested module:
./src/app/founder/cognitive-twin/page.tsx

./src/app/founder/cognitive-twin/page.tsx
Attempted import error: 'HealthTrendChart' is not exported from '@/components/cognitiveTwin/HealthTrendChart' (imported as 'HealthTrendChart').

Import trace for requested module:
./src/app/founder/cognitive-twin/page.tsx

./src/lib/autonomy/index.ts
export 'strategyHierarchyEngine' (reexported as 'strategyHierarchyEngine') was not found in '../strategy' (possible exports: BlueOceanEngine, StrategyGenerator)

Import trace for requested module:
./src/lib/autonomy/index.ts
./src/app/api/autonomy/evaluate/route.ts

./src/lib/autonomy/index.ts
export 'strategicDecompositionModel' (reexported as 'strategicDecompositionModel') was not found in '../strategy' (possible exports: BlueOceanEngine, StrategyGenerator)

Import trace for requested module:
./src/lib/autonomy/index.ts
./src/app/api/autonomy/evaluate/route.ts

./src/lib/autonomy/index.ts
export 'strategyValidationModel' (reexported as 'strategyValidationModel') was not found in '../strategy' (possible exports: BlueOceanEngine, StrategyGenerator)

Import trace for requested module:
./src/lib/autonomy/index.ts
./src/app/api/autonomy/evaluate/route.ts

./src/lib/autonomy/index.ts
export 'strategyArchiveBridge' (reexported as 'strategyArchiveBridge') was not found in '../strategy' (possible exports: BlueOceanEngine, StrategyGenerator)

Import trace for requested module:
./src/lib/autonomy/index.ts
./src/app/api/autonomy/evaluate/route.ts

./src/lib/memory/index.ts
export 'MemoryType' (reexported as 'MemoryType') was not found in './memoryStore' (possible exports: MemoryStore, createMemoryStore, memoryStore)

Import trace for requested module:
./src/lib/memory/index.ts
./src/app/api/memory/retrieve/route.ts

./src/lib/memory/index.ts
export 'RelationshipType' (reexported as 'RelationshipType') was not found in './memoryStore' (possible exports: MemoryStore, createMemoryStore, memoryStore)

Import trace for requested module:
./src/lib/memory/index.ts
./src/app/api/memory/retrieve/route.ts

./src/lib/memory/index.ts
export 'SignalType' (reexported as 'SignalType') was not found in './memoryStore' (possible exports: MemoryStore, createMemoryStore, memoryStore)

Import trace for requested module:
./src/lib/memory/index.ts
./src/app/api/memory/retrieve/route.ts

./src/lib/memory/index.ts
export 'StoreMemoryRequest' (reexported as 'StoreMemoryRequest') was not found in './memoryStore' (possible exports: MemoryStore, createMemoryStore, memoryStore)

Import trace for requested module:
./src/lib/memory/index.ts
./src/app/api/memory/retrieve/route.ts

./src/lib/memory/index.ts
export 'StoreMemoryResponse' (reexported as 'StoreMemoryResponse') was not found in './memoryStore' (possible exports: MemoryStore, createMemoryStore, memoryStore)

Import trace for requested module:
./src/lib/memory/index.ts
./src/app/api/memory/retrieve/route.ts

./src/lib/memory/index.ts
export 'LinkMemoryRequest' (reexported as 'LinkMemoryRequest') was not found in './memoryStore' (possible exports: MemoryStore, createMemoryStore, memoryStore)

Import trace for requested module:
./src/lib/memory/index.ts
./src/app/api/memory/retrieve/route.ts

./src/lib/memory/index.ts
export 'AddSignalRequest' (reexported as 'AddSignalRequest') was not found in './memoryStore' (possible exports: MemoryStore, createMemoryStore, memoryStore)

Import trace for requested module:
./src/lib/memory/index.ts
./src/app/api/memory/retrieve/route.ts

./src/lib/memory/index.ts
export 'RetrievedMemory' (reexported as 'RetrievedMemory') was not found in './memoryRetriever' (possible exports: MemoryRetriever, createMemoryRetriever, memoryRetriever)

Import trace for requested module:
./src/lib/memory/index.ts
./src/app/api/memory/retrieve/route.ts

./src/lib/memory/index.ts
export 'RetrieveRequest' (reexported as 'RetrieveRequest') was not found in './memoryRetriever' (possible exports: MemoryRetriever, createMemoryRetriever, memoryRetriever)

Import trace for requested module:
./src/lib/memory/index.ts
./src/app/api/memory/retrieve/route.ts

./src/lib/memory/index.ts
export 'RetrieveResponse' (reexported as 'RetrieveResponse') was not found in './memoryRetriever' (possible exports: MemoryRetriever, createMemoryRetriever, memoryRetriever)

Import trace for requested module:
./src/lib/memory/index.ts
./src/app/api/memory/retrieve/route.ts

./src/lib/memory/index.ts
export 'FindRelatedRequest' (reexported as 'FindRelatedRequest') was not found in './memoryRetriever' (possible exports: MemoryRetriever, createMemoryRetriever, memoryRetriever)

Import trace for requested module:
./src/lib/memory/index.ts
./src/app/api/memory/retrieve/route.ts

./src/lib/memory/index.ts
export 'RelationshipGraph' (reexported as 'RelationshipGraph') was not found in './memoryRetriever' (possible exports: MemoryRetriever, createMemoryRetriever, memoryRetriever)

Import trace for requested module:
./src/lib/memory/index.ts
./src/app/api/memory/retrieve/route.ts

./src/lib/memory/index.ts
export 'RelatedMemory' (reexported as 'RelatedMemory') was not found in './memoryRetriever' (possible exports: MemoryRetriever, createMemoryRetriever, memoryRetriever)

Import trace for requested module:
./src/lib/memory/index.ts
./src/app/api/memory/retrieve/route.ts

./src/lib/memory/index.ts
export 'RankedMemory' (reexported as 'RankedMemory') was not found in './memoryRanker' (possible exports: MemoryRanker, createMemoryRanker, memoryRanker)

Import trace for requested module:
./src/lib/memory/index.ts
./src/app/api/memory/retrieve/route.ts

./src/lib/memory/index.ts
export 'RankingRequest' (reexported as 'RankingRequest') was not found in './memoryRanker' (possible exports: MemoryRanker, createMemoryRanker, memoryRanker)

Import trace for requested module:
./src/lib/memory/index.ts
./src/app/api/memory/retrieve/route.ts

./src/lib/memory/index.ts
export 'RankingResponse' (reexported as 'RankingResponse') was not found in './memoryRanker' (possible exports: MemoryRanker, createMemoryRanker, memoryRanker)

Import trace for requested module:
./src/lib/memory/index.ts
./src/app/api/memory/retrieve/route.ts

./src/lib/memory/index.ts
export 'AgentEvent' (reexported as 'AgentEvent') was not found in './memoryArchiveBridge' (possible exports: MemoryArchiveBridge, createMemoryArchiveBridge, memoryArchiveBridge)

Import trace for requested module:
./src/lib/memory/index.ts
./src/app/api/memory/retrieve/route.ts

./src/lib/memory/index.ts
export 'LinkEventToMemoryRequest' (reexported as 'LinkEventToMemoryRequest') was not found in './memoryArchiveBridge' (possible exports: MemoryArchiveBridge, createMemoryArchiveBridge, 
memoryArchiveBridge)

Import trace for requested module:
./src/lib/memory/index.ts
./src/app/api/memory/retrieve/route.ts

./src/lib/memory/index.ts
export 'WorkflowCheckpoint' (reexported as 'WorkflowCheckpoint') was not found in './memoryArchiveBridge' (possible exports: MemoryArchiveBridge, createMemoryArchiveBridge, 
memoryArchiveBridge)

Import trace for requested module:
./src/lib/memory/index.ts
./src/app/api/memory/retrieve/route.ts

./src/lib/memory/index.ts
export 'SaveCheckpointRequest' (reexported as 'SaveCheckpointRequest') was not found in './memoryArchiveBridge' (possible exports: MemoryArchiveBridge, createMemoryArchiveBridge, 
memoryArchiveBridge)

Import trace for requested module:
./src/lib/memory/index.ts
./src/app/api/memory/retrieve/route.ts

./src/lib/reasoning/index.ts
export 'PassType' (reexported as 'PassType') was not found in './passEngine' (possible exports: PassEngine, createPassEngine, passEngine)

Import trace for requested module:
./src/lib/reasoning/index.ts
./src/app/api/reasoning/start/route.ts

./src/lib/reasoning/index.ts
export 'PassInput' (reexported as 'PassInput') was not found in './passEngine' (possible exports: PassEngine, createPassEngine, passEngine)

Import trace for requested module:
./src/lib/reasoning/index.ts
./src/app/api/reasoning/start/route.ts

./src/lib/reasoning/index.ts
export 'PassOutput' (reexported as 'PassOutput') was not found in './passEngine' (possible exports: PassEngine, createPassEngine, passEngine)

Import trace for requested module:
./src/lib/reasoning/index.ts
./src/app/api/reasoning/start/route.ts

./src/lib/reasoning/index.ts
export 'ReasoningTrace' (reexported as 'ReasoningTrace') was not found in './passEngine' (possible exports: PassEngine, createPassEngine, passEngine)

Import trace for requested module:
./src/lib/reasoning/index.ts
./src/app/api/reasoning/start/route.ts

./src/lib/reasoning/index.ts
export 'ContextPacket' (reexported as 'ContextPacket') was not found in './contextAssembler' (possible exports: ContextAssembler, contextAssembler, createContextAssembler)

Import trace for requested module:
./src/lib/reasoning/index.ts
./src/app/api/reasoning/start/route.ts

./src/lib/reasoning/index.ts
export 'RiskAssessment' (reexported as 'RiskAssessment') was not found in './riskModel' (possible exports: RiskModel, createRiskModel, riskModel)

Import trace for requested module:
./src/lib/reasoning/index.ts
./src/app/api/reasoning/start/route.ts

./src/lib/reasoning/index.ts
export 'PassUncertainty' (reexported as 'PassUncertainty') was not found in './uncertaintyPropagator' (possible exports: UncertaintyPropagator, createUncertaintyPropagator, 
uncertaintyPropagator)

Import trace for requested module:
./src/lib/reasoning/index.ts
./src/app/api/reasoning/start/route.ts

./src/lib/reasoning/index.ts
export 'ArchiveRequest' (reexported as 'ArchiveRequest') was not found in './reasoningArchiveBridge' (possible exports: ReasoningArchiveBridge, createReasoningArchiveBridge, 
reasoningArchiveBridge)

Import trace for requested module:
./src/lib/reasoning/index.ts
./src/app/api/reasoning/start/route.ts

socket hang up

Retrying 1/3...
socket hang up

Retrying 1/3...
 Ô£ô Compiled successfully in 5.1min
   Skipping validation of types
   Skipping linting

   We detected TypeScript in your project and reconfigured your tsconfig.json file for you.
   The following mandatory changes were made to your tsconfig.json:

   	- jsx was set to preserve (next.js implements its own optimized jsx transform)

   Collecting page data ...
Ô£à Anthropic client initialized successfully
Ô£à Anthropic client initialized successfully
Ô£à Anthropic client initialized successfully
Ô£à Anthropic client initialized successfully
Ô£à Anthropic client initialized successfully
Ô£à Anthropic client initialized successfully
Ô£à Database logging transport enabled
getSupabaseServer: cookies() not available, using anonymous client
getSupabaseServer: cookies() not available, using anonymous client
Ô£à Database logging transport enabled
getSupabaseServer: cookies() not available, using anonymous client
Ô£à Database logging transport enabled
getSupabaseServer: cookies() not available, using anonymous client
Ô£à Database logging transport enabled
Ô£à Anthropic client initialized successfully
Ô£à Anthropic client initialized successfully
getSupabaseServer: cookies() not available, using anonymous client
Ô£à Database logging transport enabled
Ô£à Anthropic client initialized successfully
Ô£à Anthropic client initialized successfully
Ô£à Database logging transport enabled
Ô£à Database logging transport enabled
Ô£à Database logging transport enabled
Ô£à Anthropic client initialized successfully
Ô£à Anthropic client initialized successfully
Ô£à Anthropic client initialized successfully
Ô£à Database logging transport enabled
Ô£à Database logging transport enabled
getSupabaseServer: cookies() not available, using anonymous client
Ô£à Database logging transport enabled
getSupabaseServer: cookies() not available, using anonymous client
Ô£à Database logging transport enabled
Ô£à Database logging transport enabled
Ô£à Database logging transport enabled
Ô£à Database logging transport enabled
Ô£à Database logging transport enabled
Ô£à Database logging transport enabled
Ô£à Database logging transport enabled
Ô£à Anthropic client initialized successfully
Ô£à Anthropic client initialized successfully
Ô£à Database logging transport enabled
WhatsApp service initialized without credentials. Set WHATSAPP_PHONE_NUMBER_ID and WHATSAPP_ACCESS_TOKEN.
WhatsApp service initialized without credentials. Set WHATSAPP_PHONE_NUMBER_ID and WHATSAPP_ACCESS_TOKEN.
   Generating static pages (0/632) ...
Ô£à Anthropic client initialized successfully
Ô£à Anthropic client initialized successfully
Ô£à Anthropic client initialized successfully
Ô£à Database logging transport enabled
Ô£à Anthropic client initialized successfully
Ô£à Database logging transport enabled
Ô£à Database logging transport enabled
Ô£à Anthropic client initialized successfully
Ô£à Database logging transport enabled
Ô£à Anthropic client initialized successfully
Ô£à Anthropic client initialized successfully
Ô£à Database logging transport enabled
getSupabaseServer: cookies() not available, using anonymous client
Ô£à Database logging transport enabled
Ô£à Database logging transport enabled
getSupabaseServer: cookies() not available, using anonymous client
Ô£à Database logging transport enabled
getSupabaseServer: cookies() not available, using anonymous client
Ô£à Anthropic client initialized successfully
Ô£à Database logging transport enabled
Ô£à Anthropic client initialized successfully
Ô£à Database logging transport enabled
Ô£à Database logging transport enabled
Ô£à Anthropic client initialized successfully
Ô£à Anthropic client initialized successfully
WhatsApp service initialized without credentials. Set WHATSAPP_PHONE_NUMBER_ID and WHATSAPP_ACCESS_TOKEN.
Ô£à Database logging transport enabled
Ô£à Anthropic client initialized successfully
Ô£à Anthropic client initialized successfully
Ô£à Database logging transport enabled
getSupabaseServer: cookies() not available, using anonymous client
Ô£à Database logging transport enabled
Ô£à Database logging transport enabled
   Generating static pages (158/632) 
   Generating static pages (316/632) 
   Generating static pages (474/632) 
 Ô£ô Generating static pages (632/632)
   Finalizing page optimization ...
   Collecting build traces ...

Route (app)                                                      Size  First Load JS
Ôöî ãÆ /                                                         31.3 kB         248 kB
Ôö£ ãÆ /_not-found                                               1.01 kB         103 kB
Ôö£ ãÆ /about                                                    2.04 kB         104 kB
Ôö£ ãÆ /admin/approval-result                                    5.41 kB         111 kB
Ôö£ ãÆ /api                                                        205 B         106 kB
Ôö£ ãÆ /api/admin/approve-access                                 2.04 kB         104 kB
Ôö£ ãÆ /api/admin/pending-approvals                              2.04 kB         104 kB
Ôö£ ãÆ /api/admin/rate-limits                                    2.04 kB         104 kB
Ôö£ ãÆ /api/admin/rate-limits/block-ip                           2.04 kB         104 kB
Ôö£ ãÆ /api/admin/sandbox-users                                  2.04 kB         104 kB
Ôö£ ãÆ /api/admin/send-approval-email                            2.04 kB         104 kB
Ôö£ ãÆ /api/admin/trusted-devices                                2.04 kB         104 kB
Ôö£ ãÆ /api/ads/accounts                                         2.04 kB         104 kB
Ôö£ ãÆ /api/ads/campaigns                                        2.04 kB         104 kB
Ôö£ ãÆ /api/ads/opportunities                                    2.04 kB         104 kB
Ôö£ ãÆ /api/agency/create                                        2.04 kB         104 kB
Ôö£ ãÆ /api/agency/switch                                        2.04 kB         104 kB
Ôö£ ãÆ /api/agent-mandates                                       2.04 kB         104 kB
Ôö£ ãÆ /api/agent/execute                                        2.04 kB         104 kB
Ôö£ ãÆ /api/agent/plan                                           2.04 kB         104 kB
Ôö£ ãÆ /api/agent/status                                         2.04 kB         104 kB
Ôö£ ãÆ /api/agents/contact-intelligence                          2.04 kB         104 kB
Ôö£ ãÆ /api/agents/content-personalization                       2.04 kB         104 kB
Ôö£ ãÆ /api/agents/continuous-intelligence                       2.04 kB         104 kB
Ôö£ ãÆ /api/agents/intelligence-extraction                       2.04 kB         104 kB
Ôö£ ãÆ /api/ai-consultations                                     2.04 kB         104 kB
Ôö£ ãÆ /api/ai-consultations/[id]                                2.04 kB         104 kB
Ôö£ ãÆ /api/ai-workload/policies                                 2.04 kB         104 kB
Ôö£ ãÆ /api/ai-workload/snapshots                                2.04 kB         104 kB
Ôö£ ãÆ /api/ai/analyze-stripe                                    2.04 kB         104 kB
Ôö£ ãÆ /api/ai/auto-reply                                        2.04 kB         104 kB
Ôö£ ãÆ /api/ai/budget                                            2.04 kB         104 kB
Ôö£ ãÆ /api/ai/campaign                                          2.04 kB         104 kB
Ôö£ ãÆ /api/ai/chat                                              2.04 kB         104 kB
Ôö£ ãÆ /api/ai/cost-dashboard                                    2.04 kB         104 kB
Ôö£ ãÆ /api/ai/extended-thinking/batch                           2.04 kB         104 kB
Ôö£ ãÆ /api/ai/extended-thinking/execute                         2.04 kB         104 kB
Ôö£ ãÆ /api/ai/extended-thinking/prompts                         2.04 kB         104 kB
Ôö£ ãÆ /api/ai/extended-thinking/stats                           2.04 kB         104 kB
Ôö£ ãÆ /api/ai/generate-code                                     2.04 kB         104 kB
Ôö£ ãÆ /api/ai/generate-image                                    2.04 kB         104 kB
Ôö£ ãÆ /api/ai/generate-marketing                                2.04 kB         104 kB
Ôö£ ãÆ /api/ai/generate-proposal                                 2.04 kB         104 kB
Ôö£ ãÆ /api/ai/hooks                                             2.04 kB         104 kB
Ôö£ ãÆ /api/ai/interpret-idea                                    2.04 kB         104 kB
Ôö£ ãÆ /api/ai/mindmap                                           2.04 kB         104 kB
Ôö£ ãÆ /api/ai/persona                                           2.04 kB         104 kB
Ôö£ ãÆ /api/ai/strategy                                          2.04 kB         104 kB
Ôö£ ãÆ /api/ai/test-models                                       2.04 kB         104 kB
Ôö£ ãÆ /api/aido/auth/ga4/callback                               2.04 kB         104 kB
Ôö£ ãÆ /api/aido/auth/ga4/url                                    2.04 kB         104 kB
Ôö£ ãÆ /api/aido/auth/gbp/callback                               2.04 kB         104 kB
Ôö£ ãÆ /api/aido/auth/gbp/url                                    2.04 kB         104 kB
Ôö£ ãÆ /api/aido/auth/gsc/callback                               2.04 kB         104 kB
Ôö£ ãÆ /api/aido/auth/gsc/url                                    2.04 kB         104 kB
Ôö£ ãÆ /api/aido/clients                                         2.04 kB         104 kB
Ôö£ ãÆ /api/aido/clients/[id]                                    2.04 kB         104 kB
Ôö£ ãÆ /api/aido/content                                         2.04 kB         104 kB
Ôö£ ãÆ /api/aido/content/[id]                                    2.04 kB         104 kB
Ôö£ ãÆ /api/aido/content/generate                                2.04 kB         104 kB
Ôö£ ãÆ /api/aido/google-curve/analyze                            2.04 kB         104 kB
Ôö£ ãÆ /api/aido/google-curve/monitor                            2.04 kB         104 kB
Ôö£ ãÆ /api/aido/google-curve/signals                            2.04 kB         104 kB
Ôö£ ãÆ /api/aido/intent-clusters                                 2.04 kB         104 kB
Ôö£ ãÆ /api/aido/intent-clusters/generate                        2.04 kB         104 kB
Ôö£ ãÆ /api/aido/onboarding/generate                             2.04 kB         104 kB
Ôö£ ãÆ /api/aido/reality-loop/events                             2.04 kB         104 kB
Ôö£ ãÆ /api/aido/reality-loop/ingest                             2.04 kB         104 kB
Ôö£ ãÆ /api/aido/reality-loop/process                            2.04 kB         104 kB
Ôö£ ãÆ /api/aido/topics                                          2.04 kB         104 kB
Ôö£ ãÆ /api/alignment/snapshot                                   2.04 kB         104 kB
Ôö£ ãÆ /api/analytics/overview                                   2.04 kB         104 kB
Ôö£ ãÆ /api/analytics/search-console                             2.04 kB         104 kB
Ôö£ ãÆ /api/analytics/sync                                       2.04 kB         104 kB
Ôö£ ãÆ /api/analyze/dashboard                                    2.04 kB         104 kB
Ôö£ ãÆ /api/approvals                                            2.04 kB         104 kB
Ôö£ ãÆ /api/approvals/[id]                                       2.04 kB         104 kB
Ôö£ ãÆ /api/approvals/[id]/approve                               2.04 kB         104 kB
Ôö£ ãÆ /api/approvals/[id]/decline                               2.04 kB         104 kB
Ôö£ ãÆ /api/arbitration/events                                   2.04 kB         104 kB
Ôö£ ãÆ /api/archive/query                                        2.04 kB         104 kB
Ôö£ ãÆ /api/audit/backlinks                                      2.04 kB         104 kB
Ôö£ ãÆ /api/audit/delta                                          2.04 kB         104 kB
Ôö£ ãÆ /api/audit/entities                                       2.04 kB         104 kB
Ôö£ ãÆ /api/audit/history                                        2.04 kB         104 kB
Ôö£ ãÆ /api/audit/run                                            2.04 kB         104 kB
Ôö£ ãÆ /api/audit/snapshot                                       2.04 kB         104 kB
Ôö£ ãÆ /api/audits                                               2.04 kB         104 kB
Ôö£ ãÆ /api/auth/[...nextauth]                                   2.04 kB         104 kB
Ôö£ ãÆ /api/auth/client-login                                    2.04 kB         104 kB
Ôö£ ãÆ /api/auth/client-logout                                   2.04 kB         104 kB
Ôö£ ãÆ /api/auth/fix-profile                                     2.04 kB         104 kB
Ôö£ ãÆ /api/auth/initialize-user                                 2.04 kB         104 kB
Ôö£ ãÆ /api/auth/refresh-session                                 2.04 kB         104 kB
Ôö£ ãÆ /api/auth/staff-login                                     2.04 kB         104 kB
Ôö£ ãÆ /api/auto-action/approve                                  2.04 kB         104 kB
Ôö£ ãÆ /api/auto-action/logs                                     2.04 kB         104 kB
Ôö£ ãÆ /api/auto-action/session                                  2.04 kB         104 kB
Ôö£ ãÆ /api/autonomy/cron                                        2.04 kB         104 kB
Ôö£ ãÆ /api/autonomy/evaluate                                    2.04 kB         104 kB
Ôö£ ãÆ /api/autonomy/proposals/[id]                              2.04 kB         104 kB
Ôö£ ãÆ /api/autonomy/propose                                     2.04 kB         104 kB
Ôö£ ãÆ /api/autonomy/queue                                       2.04 kB         104 kB
Ôö£ ãÆ /api/autonomy/rollback                                    2.04 kB         104 kB
Ôö£ ãÆ /api/autonomy/start                                       2.04 kB         104 kB
Ôö£ ãÆ /api/autonomy/status                                      2.04 kB         104 kB
Ôö£ ãÆ /api/autopilot/actions/[id]/approve                       2.04 kB         104 kB
Ôö£ ãÆ /api/autopilot/actions/[id]/skip                          2.04 kB         104 kB
Ôö£ ãÆ /api/autopilot/playbooks                                  2.04 kB         104 kB
Ôö£ ãÆ /api/autopilot/preferences                                2.04 kB         104 kB
Ôö£ ãÆ /api/autopilot/stats                                      2.04 kB         104 kB
Ôö£ ãÆ /api/billing/checkout                                     2.04 kB         104 kB
Ôö£ ãÆ /api/billing/portal                                       2.04 kB         104 kB
Ôö£ ãÆ /api/billing/subscription                                 2.04 kB         104 kB
Ôö£ ãÆ /api/broadcast/messages                                   2.04 kB         104 kB
Ôö£ ãÆ /api/broadcast/receipts                                   2.04 kB         104 kB
Ôö£ ãÆ /api/browser-automation/patterns                          2.04 kB         104 kB
Ôö£ ãÆ /api/browser-automation/replay                            2.04 kB         104 kB
Ôö£ ãÆ /api/calendar/[postId]                                    2.04 kB         104 kB
Ôö£ ãÆ /api/calendar/[postId]/approve                            2.04 kB         104 kB
Ôö£ ãÆ /api/calendar/[postId]/regenerate                         2.04 kB         104 kB
Ôö£ ãÆ /api/calendar/availability                                2.04 kB         104 kB
Ôö£ ãÆ /api/calendar/create-meeting                              2.04 kB         104 kB
Ôö£ ãÆ /api/calendar/detect-meeting                              2.04 kB         104 kB
Ôö£ ãÆ /api/calendar/events                                      2.04 kB         104 kB
Ôö£ ãÆ /api/calendar/generate                                    2.04 kB         104 kB
Ôö£ ãÆ /api/calendar/suggest-times                               2.04 kB         104 kB
Ôö£ ãÆ /api/calibration/parameters                               2.04 kB         104 kB
Ôö£ ãÆ /api/calibration/run                                      2.04 kB         104 kB
Ôö£ ãÆ /api/calibration/status                                   2.04 kB         104 kB
Ôö£ ãÆ /api/campaigns                                            2.04 kB         104 kB
Ôö£ ãÆ /api/campaigns/blueprints                                 2.04 kB         104 kB
Ôö£ ãÆ /api/campaigns/blueprints/[id]                            2.04 kB         104 kB
Ôö£ ãÆ /api/campaigns/channels                                   2.04 kB         104 kB
Ôö£ ãÆ /api/campaigns/drip                                       2.04 kB         104 kB
Ôö£ ãÆ /api/campaigns/from-template                              2.04 kB         104 kB
Ôö£ ãÆ /api/client-agent/actions                                 2.04 kB         104 kB
Ôö£ ãÆ /api/client-agent/chat                                    2.04 kB         104 kB
Ôö£ ãÆ /api/client-agent/policies                                2.04 kB         104 kB
Ôö£ ãÆ /api/client-agent/scheduler                               2.04 kB         104 kB
Ôö£ ãÆ /api/client-approvals                                     2.04 kB         104 kB
Ôö£ ãÆ /api/client/feature-flags                                 2.04 kB         104 kB
Ôö£ ãÆ /api/client/geo                                           2.04 kB         104 kB
Ôö£ ãÆ /api/client/ideas                                         2.04 kB         104 kB
Ôö£ ãÆ /api/client/init                                          2.04 kB         104 kB
Ôö£ ãÆ /api/client/projects/get                                  2.04 kB         104 kB
Ôö£ ãÆ /api/client/projects/list                                 2.04 kB         104 kB
Ôö£ ãÆ /api/client/proposals                                     2.04 kB         104 kB
Ôö£ ãÆ /api/client/proposals/get                                 2.04 kB         104 kB
Ôö£ ãÆ /api/client/proposals/select                              2.04 kB         104 kB
Ôö£ ãÆ /api/client/review-packs                                  2.04 kB         104 kB
Ôö£ ãÆ /api/client/success                                       2.04 kB         104 kB
Ôö£ ãÆ /api/client/vault                                         2.04 kB         104 kB
Ôö£ ãÆ /api/client/welcome-pack                                  2.04 kB         104 kB
Ôö£ ãÆ /api/clients                                              2.04 kB         104 kB
Ôö£ ãÆ /api/coaching/operator/prompts                            2.04 kB         104 kB
Ôö£ ãÆ /api/coalition/form                                       2.04 kB         104 kB
Ôö£ ãÆ /api/coalition/history                                    2.04 kB         104 kB
Ôö£ ãÆ /api/coalition/status                                     2.04 kB         104 kB
Ôö£ ãÆ /api/combat/results                                       2.04 kB         104 kB
Ôö£ ãÆ /api/combat/rounds                                        2.04 kB         104 kB
Ôö£ ãÆ /api/competitors                                          2.04 kB         104 kB
Ôö£ ãÆ /api/competitors/[id]                                     2.04 kB         104 kB
Ôö£ ãÆ /api/competitors/analysis/latest                          2.04 kB         104 kB
Ôö£ ãÆ /api/competitors/analyze                                  2.04 kB         104 kB
Ôö£ ãÆ /api/competitors/compare                                  2.04 kB         104 kB
Ôö£ ãÆ /api/compliance/check                                     2.04 kB         104 kB
Ôö£ ãÆ /api/compliance/incidents                                 2.04 kB         104 kB
Ôö£ ãÆ /api/compliance/policies                                  2.04 kB         104 kB
Ôö£ ãÆ /api/connected-apps                                       2.04 kB         104 kB
Ôö£ ãÆ /api/connected-apps/[id]                                  2.04 kB         104 kB
Ôö£ ãÆ /api/connected-apps/callback/[provider]                   2.04 kB         104 kB
Ôö£ ãÆ /api/contact/submit                                       2.04 kB         104 kB
Ôö£ ãÆ /api/contacts                                             2.04 kB         104 kB
Ôö£ ãÆ /api/contacts/[contactId]                                 2.04 kB         104 kB
Ôö£ ãÆ /api/contacts/[contactId]/emails                          2.04 kB         104 kB
Ôö£ ãÆ /api/contacts/[contactId]/emails/[emailId]                2.04 kB         104 kB
Ôö£ ãÆ /api/contacts/[contactId]/emails/[emailId]/primary        2.04 kB         104 kB
Ôö£ ãÆ /api/contacts/analyze                                     2.04 kB         104 kB
Ôö£ ãÆ /api/contacts/delete                                      2.04 kB         104 kB
Ôö£ ãÆ /api/contacts/hot-leads                                   2.04 kB         104 kB
Ôö£ ãÆ /api/content                                              2.04 kB         104 kB
Ôö£ ãÆ /api/content/approve                                      2.04 kB         104 kB
Ôö£ ãÆ /api/content/estimate                                     2.04 kB         104 kB
Ôö£ ãÆ /api/content/generate                                     2.04 kB         104 kB
Ôö£ ãÆ /api/content/iterate                                      2.04 kB         104 kB
Ôö£ ãÆ /api/content/pages                                        2.04 kB         104 kB
Ôö£ ãÆ /api/content/pending                                      2.04 kB         104 kB
Ôö£ ãÆ /api/copywriting/competitors                              2.04 kB         104 kB
Ôö£ ãÆ /api/copywriting/consistency                              2.04 kB         104 kB
Ôö£ ãÆ /api/copywriting/generate                                 2.04 kB         104 kB
Ôö£ ãÆ /api/copywriting/voc-research                             2.04 kB         104 kB
Ôö£ ãÆ /api/correction/start                                     2.04 kB         104 kB
Ôö£ ãÆ /api/correction/status                                    2.04 kB         104 kB
Ôö£ ãÆ /api/council                                              2.04 kB         104 kB
Ôö£ ãÆ /api/creative/adaptive/state                              2.04 kB         104 kB
Ôö£ ãÆ /api/creative/adaptive/suggest                            2.04 kB         104 kB
Ôö£ ãÆ /api/creative/insights                                    2.04 kB         104 kB
Ôö£ ãÆ /api/creative/quality                                     2.04 kB         104 kB
Ôö£ ãÆ /api/creative/risk                                        2.04 kB         104 kB
Ôö£ ãÆ /api/cron/content-queue                                   2.04 kB         104 kB
Ôö£ ãÆ /api/cron/cost-report                                     2.04 kB         104 kB
Ôö£ ãÆ /api/cron/health-check                                    2.04 kB         104 kB
Ôö£ ãÆ /api/cron/model-scout                                     2.04 kB         104 kB
Ôö£ ãÆ /api/cron/overnight-tests                                 2.04 kB         104 kB
Ôö£ ãÆ /api/cron/seo-health                                      2.04 kB         104 kB
Ôö£ ãÆ /api/cron/status                                          2.04 kB         104 kB
Ôö£ ãÆ /api/cron/success-email                                   2.04 kB         104 kB
Ôö£ ãÆ /api/cron/success-insights                                2.04 kB         104 kB
Ôö£ ãÆ /api/cron/success-score                                   2.04 kB         104 kB
Ôö£ ãÆ /api/cross-tenant/benchmarks                              2.04 kB         104 kB
Ôö£ ãÆ /api/cross-tenant/boundary                                2.04 kB         104 kB
Ôö£ ãÆ /api/cross-tenant/cohorts                                 2.04 kB         104 kB
Ôö£ ãÆ /api/cross-tenant/fairness                                2.04 kB         104 kB
Ôö£ ãÆ /api/cross-tenant/learning                                2.04 kB         104 kB
Ôö£ ãÆ /api/cross-tenant/patterns                                2.04 kB         104 kB
Ôö£ ãÆ /api/csp-report                                           2.04 kB         104 kB
Ôö£ ãÆ /api/decisions/pipeline                                   2.04 kB         104 kB
Ôö£ ãÆ /api/demo/initialize                                      2.04 kB         104 kB
Ôö£ ãÆ /api/deployment-check                                     2.04 kB         104 kB
Ôö£ ãÆ /api/desktop/capabilities                                 2.04 kB         104 kB
Ôö£ ãÆ /api/desktop/command                                      2.04 kB         104 kB
Ôö£ ãÆ /api/director/alerts                                      2.04 kB         104 kB
Ôö£ ãÆ /api/director/insights                                    2.04 kB         104 kB
Ôö£ ãÆ /api/docs                                                 2.04 kB         104 kB
Ôö£ ãÆ /api/early-warning/events                                 2.04 kB         104 kB
Ôö£ ãÆ /api/early-warning/events/[id]                            2.04 kB         104 kB
Ôö£ ãÆ /api/email-intel/client/[clientId]                        2.04 kB         104 kB
Ôö£ ãÆ /api/email-intel/client/[clientId]/ideas                  2.04 kB         104 kB
Ôö£ ãÆ /api/email-intel/client/[clientId]/summary                2.04 kB         104 kB
Ôö£ ãÆ /api/email-intel/client/[clientId]/threads                2.04 kB         104 kB
Ôö£ ãÆ /api/email-intel/ideas                                    2.04 kB         104 kB
Ôö£ ãÆ /api/email-intel/pending-actions                          2.04 kB         104 kB
Ôö£ ãÆ /api/email-intel/sync                                     2.04 kB         104 kB
Ôö£ ãÆ /api/email-intel/threads                                  2.04 kB         104 kB
Ôö£ ãÆ /api/email/link                                           2.04 kB         104 kB
Ôö£ ãÆ /api/email/oauth/authorize                                2.04 kB         104 kB
Ôö£ ãÆ /api/email/oauth/callback                                 2.04 kB         104 kB
Ôö£ ãÆ /api/email/parse                                          2.04 kB         104 kB
Ôö£ ãÆ /api/email/send                                           2.04 kB         104 kB
Ôö£ ãÆ /api/email/sync                                           2.04 kB         104 kB
Ôö£ ãÆ /api/email/unsubscribe                                    2.04 kB         104 kB
Ôö£ ãÆ /api/email/webhook                                        2.04 kB         104 kB
Ôö£ ãÆ /api/emails/process                                       2.04 kB         104 kB
Ôö£ ãÆ /api/emails/send                                          2.04 kB         104 kB
Ôö£ ãÆ /api/engines/aglbase                                      2.04 kB         104 kB
Ôö£ ãÆ /api/engines/aire                                         2.04 kB         104 kB
Ôö£ ãÆ /api/engines/asrs                                         2.04 kB         104 kB
Ôö£ ãÆ /api/engines/egcbi                                        2.04 kB         104 kB
Ôö£ ãÆ /api/engines/grh                                          2.04 kB         104 kB
Ôö£ ãÆ /api/engines/gslpie                                       2.04 kB         104 kB
Ôö£ ãÆ /api/engines/health                                       2.04 kB         104 kB
Ôö£ ãÆ /api/engines/mcse                                         2.04 kB         104 kB
Ôö£ ãÆ /api/engines/orchestrator                                 2.04 kB         104 kB
Ôö£ ãÆ /api/engines/raaoe                                        2.04 kB         104 kB
Ôö£ ãÆ /api/engines/sorie                                        2.04 kB         104 kB
Ôö£ ãÆ /api/engines/tcpqel                                       2.04 kB         104 kB
Ôö£ ãÆ /api/engines/ucscel                                       2.04 kB         104 kB
Ôö£ ãÆ /api/engines/upewe                                        2.04 kB         104 kB
Ôö£ ãÆ /api/enterprise/billing/invoices                          2.04 kB         104 kB
Ôö£ ãÆ /api/enterprise/billing/plans                             2.04 kB         104 kB
Ôö£ ãÆ /api/enterprise/billing/subscriptions                     2.04 kB         104 kB
Ôö£ ãÆ /api/enterprise/billing/usage                             2.04 kB         104 kB
Ôö£ ãÆ /api/enterprise/init                                      2.04 kB         104 kB
Ôö£ ãÆ /api/enterprise/summary                                   2.04 kB         104 kB
Ôö£ ãÆ /api/enterprise/teams                                     2.04 kB         104 kB
Ôö£ ãÆ /api/enterprise/workspaces                                2.04 kB         104 kB
Ôö£ ãÆ /api/evolution/adjustments/logs                           2.04 kB         104 kB
Ôö£ ãÆ /api/evolution/adjustments/run                            2.04 kB         104 kB
Ôö£ ãÆ /api/evolution/console/review                             2.04 kB         104 kB
Ôö£ ãÆ /api/evolution/kernel/run                                 2.04 kB         104 kB
Ôö£ ãÆ /api/evolution/kernel/tasks                               2.04 kB         104 kB
Ôö£ ãÆ /api/evolution/macro                                      2.04 kB         104 kB
Ôö£ ãÆ /api/evolution/mesh/overview                              2.04 kB         104 kB
Ôö£ ãÆ /api/evolution/planner/overview                           2.04 kB         104 kB
Ôö£ ãÆ /api/evolution/planner/schedule                           2.04 kB         104 kB
Ôö£ ãÆ /api/evolution/proposals                                  2.04 kB         104 kB
Ôö£ ãÆ /api/evolution/qa/check                                   2.04 kB         104 kB
Ôö£ ãÆ /api/evolution/qa/history                                 2.04 kB         104 kB
Ôö£ ãÆ /api/evolution/stability/mode                             2.04 kB         104 kB
Ôö£ ãÆ /api/evolution/stability/overview                         2.04 kB         104 kB
Ôö£ ãÆ /api/execution-logs                                       2.04 kB         104 kB
Ôö£ ãÆ /api/executions/[id]/cancel                               2.04 kB         104 kB
Ôö£ ãÆ /api/executions/[id]/pause                                2.04 kB         104 kB
Ôö£ ãÆ /api/executions/[id]/resume                               2.04 kB         104 kB
Ôö£ ãÆ /api/executions/[id]/status                               2.04 kB         104 kB
Ôö£ ãÆ /api/executions/start                                     2.04 kB         104 kB
Ôö£ ãÆ /api/executive/briefing                                   2.04 kB         104 kB
Ôö£ ãÆ /api/executive/missions                                   2.04 kB         104 kB
Ôö£ ãÆ /api/experiments/sandbox/create                           2.04 kB         104 kB
Ôö£ ãÆ /api/experiments/sandbox/results                          2.04 kB         104 kB
Ôö£ ãÆ /api/folder/archive                                       2.04 kB         104 kB
Ôö£ ãÆ /api/folder/create                                        2.04 kB         104 kB
Ôö£ ãÆ /api/folder/list                                          2.04 kB         104 kB
Ôö£ ãÆ /api/founder-intel/alerts                                 2.04 kB         104 kB
Ôö£ ãÆ /api/founder-intel/alerts/[id]                            2.04 kB         104 kB
Ôö£ ãÆ /api/founder-intel/briefing                               2.04 kB         104 kB
Ôö£ ãÆ /api/founder-intel/preferences                            2.04 kB         104 kB
Ôö£ ãÆ /api/founder-intel/snapshots                              2.04 kB         104 kB
Ôö£ ãÆ /api/founder-intel/snapshots/[id]                         2.04 kB         104 kB
Ôö£ ãÆ /api/founder-os/ai-phill/insights                         2.04 kB         104 kB
Ôö£ ãÆ /api/founder-os/ai-phill/journal                          2.04 kB         104 kB
Ôö£ ãÆ /api/founder-os/businesses                                2.04 kB         104 kB
Ôö£ ãÆ /api/founder-os/businesses/[id]                           2.04 kB         104 kB
Ôö£ ãÆ /api/founder-os/businesses/[id]/signals                   2.04 kB         104 kB
Ôö£ ãÆ /api/founder-os/businesses/[id]/snapshots                 2.04 kB         104 kB
Ôö£ ãÆ /api/founder-os/businesses/[id]/vault                     2.04 kB         104 kB
Ôö£ ãÆ /api/founder-os/cognitive-twin/decisions                  2.04 kB         104 kB
Ôö£ ãÆ /api/founder-os/cognitive-twin/digests                    2.04 kB         104 kB
Ôö£ ãÆ /api/founder-os/cognitive-twin/scores                     2.04 kB         104 kB
Ôö£ ãÆ /api/founder/assistant                                    2.04 kB         104 kB
Ôö£ ãÆ /api/founder/awareness                                    2.04 kB         104 kB
Ôö£ ãÆ /api/founder/business-vault                               2.04 kB         104 kB
Ôö£ ãÆ /api/founder/business-vault/[businessKey]                 2.04 kB         104 kB
Ôö£ ãÆ /api/founder/business-vault/[businessKey]/channel         2.04 kB         104 kB
Ôö£ ãÆ /api/founder/business-vault/[businessKey]/snapshot        2.04 kB         104 kB
Ôö£ ãÆ /api/founder/cognitive-map                                2.04 kB         104 kB
Ôö£ ãÆ /api/founder/flight-deck/layout                           2.04 kB         104 kB
Ôö£ ãÆ /api/founder/memory/decision-scenarios                    2.04 kB         104 kB
Ôö£ ãÆ /api/founder/memory/decision-scenarios/[id]               2.04 kB         104 kB
Ôö£ ãÆ /api/founder/memory/forecast                              2.04 kB         104 kB
Ôö£ ãÆ /api/founder/memory/momentum                              2.04 kB         104 kB
Ôö£ ãÆ /api/founder/memory/next-actions                          2.04 kB         104 kB
Ôö£ ãÆ /api/founder/memory/opportunities                         2.04 kB         104 kB
Ôö£ ãÆ /api/founder/memory/overload                              2.04 kB         104 kB
Ôö£ ãÆ /api/founder/memory/patterns                              2.04 kB         104 kB
Ôö£ ãÆ /api/founder/memory/risks                                 2.04 kB         104 kB
Ôö£ ãÆ /api/founder/memory/snapshot                              2.04 kB         104 kB
Ôö£ ãÆ /api/founder/memory/weekly-digest                         2.04 kB         104 kB
Ôö£ ãÆ /api/founder/ops/brand-workload                           2.04 kB         104 kB
Ôö£ ãÆ /api/founder/ops/overview                                 2.04 kB         104 kB
Ôö£ ãÆ /api/founder/ops/queue/daily                              2.04 kB         104 kB
Ôö£ ãÆ /api/founder/ops/queue/pause                              2.04 kB         104 kB
Ôö£ ãÆ /api/founder/ops/queue/resume                             2.04 kB         104 kB
Ôö£ ãÆ /api/founder/ops/queue/weekly                             2.04 kB         104 kB
Ôö£ ãÆ /api/founder/ops/tasks                                    2.04 kB         104 kB
Ôö£ ãÆ /api/founder/ops/tasks/[taskId]                           2.04 kB         104 kB
Ôö£ ãÆ /api/founder/platform-mode                                2.04 kB         104 kB
Ôö£ ãÆ /api/founder/settings/platform-mode                       2.04 kB         104 kB
Ôö£ ãÆ /api/founder/synthex/setup-analytics                      2.04 kB         104 kB
Ôö£ ãÆ /api/founder/synthex/sync-core-vitals                     2.04 kB         104 kB
Ôö£ ãÆ /api/founder/synthex/sync-ga4                             2.04 kB         104 kB
Ôö£ ãÆ /api/founder/synthex/sync-gsc                             2.04 kB         104 kB
Ôö£ ãÆ /api/founder/webhooks/stripe-managed-service              2.04 kB         104 kB
Ôö£ ãÆ /api/franchise/agency-tree                                2.04 kB         104 kB
Ôö£ ãÆ /api/franchise/assign-region                              2.04 kB         104 kB
Ôö£ ãÆ /api/franchise/opportunities                              2.04 kB         104 kB
Ôö£ ãÆ /api/generated-content                                    2.04 kB         104 kB
Ôö£ ãÆ /api/generated-content/[id]/approve                       2.04 kB         104 kB
Ôö£ ãÆ /api/governance/charter                                   2.04 kB         104 kB
Ôö£ ãÆ /api/governance/meta/profiles                             2.04 kB         104 kB
Ôö£ ãÆ /api/governance/meta/settings                             2.04 kB         104 kB
Ôö£ ãÆ /api/health                                               2.04 kB         104 kB
Ôö£ ãÆ /api/health/anthropic                                     2.04 kB         104 kB
Ôö£ ãÆ /api/health/deep                                          2.04 kB         104 kB
Ôö£ ãÆ /api/health/routes                                        2.04 kB         104 kB
Ôö£ ãÆ /api/hooks/favorite                                       2.04 kB         104 kB
Ôö£ ãÆ /api/hooks/search                                         2.04 kB         104 kB
Ôö£ ãÆ /api/images/generate                                      2.04 kB         104 kB
Ôö£ ãÆ /api/images/regenerate                                    2.04 kB         104 kB
Ôö£ ãÆ /api/insights/rendered                                    2.04 kB         104 kB
Ôö£ ãÆ /api/integrations/gmail/authorize                         2.04 kB         104 kB
Ôö£ ãÆ /api/integrations/gmail/callback                          2.04 kB         104 kB
Ôö£ ãÆ /api/integrations/gmail/callback-multi                    2.04 kB         104 kB
Ôö£ ãÆ /api/integrations/gmail/connect                           2.04 kB         104 kB
Ôö£ ãÆ /api/integrations/gmail/connect-multi                     2.04 kB         104 kB
Ôö£ ãÆ /api/integrations/gmail/disconnect                        2.04 kB         104 kB
Ôö£ ãÆ /api/integrations/gmail/list                              2.04 kB         104 kB
Ôö£ ãÆ /api/integrations/gmail/send                              2.04 kB         104 kB
Ôö£ ãÆ /api/integrations/gmail/set-primary                       2.04 kB         104 kB
Ôö£ ãÆ /api/integrations/gmail/sync                              2.04 kB         104 kB
Ôö£ ãÆ /api/integrations/gmail/sync-all                          2.04 kB         104 kB
Ôö£ ãÆ /api/integrations/gmail/toggle-sync                       2.04 kB         104 kB
Ôö£ ãÆ /api/integrations/gmail/update-label                      2.04 kB         104 kB
Ôö£ ãÆ /api/integrations/list                                    2.04 kB         104 kB
Ôö£ ãÆ /api/integrations/outlook/accounts                        2.04 kB         104 kB
Ôö£ ãÆ /api/integrations/outlook/calendar/create                 2.04 kB         104 kB
Ôö£ ãÆ /api/integrations/outlook/calendar/events                 2.04 kB         104 kB
Ôö£ ãÆ /api/integrations/outlook/callback                        2.04 kB         104 kB
Ôö£ ãÆ /api/integrations/outlook/connect                         2.04 kB         104 kB
Ôö£ ãÆ /api/integrations/outlook/disconnect                      2.04 kB         104 kB
Ôö£ ãÆ /api/integrations/outlook/send                            2.04 kB         104 kB
Ôö£ ãÆ /api/integrations/outlook/sync                            2.04 kB         104 kB
Ôö£ ãÆ /api/integrations/xero/callback                           2.04 kB         104 kB
Ôö£ ãÆ /api/integrations/xero/connect                            2.04 kB         104 kB
Ôö£ ãÆ /api/integrations/xero/disconnect                         2.04 kB         104 kB
Ôö£ ãÆ /api/integrations/xero/set-primary                        2.04 kB         104 kB
Ôö£ ãÆ /api/integrations/xero/status                             2.04 kB         104 kB
Ôö£ ãÆ /api/integrations/xero/update-label                       2.04 kB         104 kB
Ôö£ ãÆ /api/intelligence/contact                                 2.04 kB         104 kB
Ôö£ ãÆ /api/intelligence/dashboard                               2.04 kB         104 kB
Ôö£ ãÆ /api/intelligence/messages                                2.04 kB         104 kB
Ôö£ ãÆ /api/intelligence/stabilisation-events                    2.04 kB         104 kB
Ôö£ ãÆ /api/knowledge/artifacts                                  2.04 kB         104 kB
Ôö£ ãÆ /api/knowledge/generate                                   2.04 kB         104 kB
Ôö£ ãÆ /api/landing-pages/[id]                                   2.04 kB         104 kB
Ôö£ ãÆ /api/landing-pages/[id]/alternatives                      2.04 kB         104 kB
Ôö£ ãÆ /api/landing-pages/[id]/regenerate                        2.04 kB         104 kB
Ôö£ ãÆ /api/landing-pages/[id]/section                           2.04 kB         104 kB
Ôö£ ãÆ /api/landing-pages/generate                               2.04 kB         104 kB
Ôö£ ãÆ /api/leviathan/cloud/deploy                               2.04 kB         104 kB
Ôö£ ãÆ /api/leviathan/fabricate                                  2.04 kB         104 kB
Ôö£ ãÆ /api/leviathan/orchestrate                                2.04 kB         104 kB
Ôö£ ãÆ /api/leviathan/social/publish                             2.04 kB         104 kB
Ôö£ ãÆ /api/llm/cost-report                                      2.04 kB         104 kB
Ôö£ ãÆ /api/llm/discover                                         2.04 kB         104 kB
Ôö£ ãÆ /api/llm/models                                           2.04 kB         104 kB
Ôö£ ãÆ /api/llm/route                                                0 B            0 B
Ôö£ ãÆ /api/load/snapshots                                       2.04 kB         104 kB
Ôö£ ãÆ /api/loyalty/credit                                       2.04 kB         104 kB
Ôö£ ãÆ /api/loyalty/dashboard                                    2.04 kB         104 kB
Ôö£ ãÆ /api/loyalty/founder/approve-redemption                   2.04 kB         104 kB
Ôö£ ãÆ /api/loyalty/founder/redemption-queue                     2.04 kB         104 kB
Ôö£ ãÆ /api/loyalty/fraud/alerts                                 2.04 kB         104 kB
Ôö£ ãÆ /api/loyalty/history                                      2.04 kB         104 kB
Ôö£ ãÆ /api/loyalty/redeem                                       2.04 kB         104 kB
Ôö£ ãÆ /api/loyalty/referral/claim                               2.04 kB         104 kB
Ôö£ ãÆ /api/loyalty/referral/create                              2.04 kB         104 kB
Ôö£ ãÆ /api/loyalty/rewards                                      2.04 kB         104 kB
Ôö£ ãÆ /api/managed/blue-ocean/generate                          2.04 kB         104 kB
Ôö£ ãÆ /api/managed/no-bluff/analyze                             2.04 kB         104 kB
Ôö£ ãÆ /api/managed/projects/create                              2.04 kB         104 kB
Ôö£ ãÆ /api/managed/reports/generate                             2.04 kB         104 kB
Ôö£ ãÆ /api/managed/reports/send                                 2.04 kB         104 kB
Ôö£ ãÆ /api/managed/scheduler/weekly                             2.04 kB         104 kB
Ôö£ ãÆ /api/managed/seo/baseline                                 2.04 kB         104 kB
Ôö£ ãÆ /api/market/baselines                                     2.04 kB         104 kB
Ôö£ ãÆ /api/market/trends                                        2.04 kB         104 kB
Ôö£ ãÆ /api/marketing/events                                     2.04 kB         104 kB
Ôö£ ãÆ /api/marketing/insights                                   2.04 kB         104 kB
Ôö£ ãÆ /api/marketplace/[id/]                                    2.04 kB         104 kB
Ôö£ ãÆ /api/marketplace/[id/]/export                             2.04 kB         104 kB
Ôö£ ãÆ /api/marketplace/[id/]/favorite                           2.04 kB         104 kB
Ôö£ ãÆ /api/marketplace/[id/]/variants                           2.04 kB         104 kB
Ôö£ ãÆ /api/marketplace/collections                              2.04 kB         104 kB
Ôö£ ãÆ /api/marketplace/list                                     2.04 kB         104 kB
Ôö£ ãÆ /api/marketplace/search                                   2.04 kB         104 kB
Ôö£ ãÆ /api/media/analyze                                        2.04 kB         104 kB
Ôö£ ãÆ /api/media/search                                         2.04 kB         104 kB
Ôö£ ãÆ /api/media/transcribe                                     2.04 kB         104 kB
Ôö£ ãÆ /api/media/upload                                         2.04 kB         104 kB
Ôö£ ãÆ /api/memory/compress                                      2.04 kB         104 kB
Ôö£ ãÆ /api/memory/compressed                                    2.04 kB         104 kB
Ôö£ ãÆ /api/memory/related                                       2.04 kB         104 kB
Ôö£ ãÆ /api/memory/retrieve                                      2.04 kB         104 kB
Ôö£ ãÆ /api/memory/spine                                         2.04 kB         104 kB
Ôö£ ãÆ /api/memory/store                                         2.04 kB         104 kB
Ôö£ ãÆ /api/mesh/node/[nodeId]                                   2.04 kB         104 kB
Ôö£ ãÆ /api/mesh/overview                                        2.04 kB         104 kB
Ôö£ ãÆ /api/metrics                                              2.04 kB         104 kB
Ôö£ ãÆ /api/mindmap/[mindmapId]                                  2.04 kB         104 kB
Ôö£ ãÆ /api/mindmap/[mindmapId]/ai-analyze                       2.04 kB         104 kB
Ôö£ ãÆ /api/mindmap/[mindmapId]/connections                      2.04 kB         104 kB
Ôö£ ãÆ /api/mindmap/[mindmapId]/nodes                            2.04 kB         104 kB
Ôö£ ãÆ /api/mindmap/nodes/[nodeId]                               2.04 kB         104 kB
Ôö£ ãÆ /api/mindmap/suggestions/[suggestionId]                   2.04 kB         104 kB
Ôö£ ãÆ /api/ml/anomaly-detection/detect                          2.04 kB         104 kB
Ôö£ ãÆ /api/ml/cost-tracking/budget                              2.04 kB         104 kB
Ôö£ ãÆ /api/ml/cost-tracking/summary                             2.04 kB         104 kB
Ôö£ ãÆ /api/ml/cost-tracking/track                               2.04 kB         104 kB
Ôö£ ãÆ /api/ml/pattern-detection/detect                          2.04 kB         104 kB
Ôö£ ãÆ /api/ml/prediction/predict                                2.04 kB         104 kB
Ôö£ ãÆ /api/monitoring/cache-stats                               2.04 kB         104 kB
Ôö£ ãÆ /api/monitoring/dashboard                                 2.04 kB         104 kB
Ôö£ ãÆ /api/monitoring/health                                    2.04 kB         104 kB
Ôö£ ãÆ /api/monitoring/metrics                                   2.04 kB         104 kB
Ôö£ ãÆ /api/multi-channel/ads/accounts                           2.04 kB         104 kB
Ôö£ ãÆ /api/multi-channel/ads/opportunities                      2.04 kB         104 kB
Ôö£ ãÆ /api/multi-channel/boost/jobs                             2.04 kB         104 kB
Ôö£ ãÆ /api/multi-channel/search/keywords                        2.04 kB         104 kB
Ôö£ ãÆ /api/multi-channel/social/accounts                        2.04 kB         104 kB
Ôö£ ãÆ /api/multi-channel/social/messages                        2.04 kB         104 kB
Ôö£ ãÆ /api/mvp/dashboard                                        2.04 kB         104 kB
Ôö£ ãÆ /api/narrative/snapshots                                  2.04 kB         104 kB
Ôö£ ãÆ /api/navigator/insights                                   2.04 kB         104 kB
Ôö£ ãÆ /api/navigator/snapshot                                   2.04 kB         104 kB
Ôö£ ãÆ /api/negotiation/decision                                 2.04 kB         104 kB
Ôö£ ãÆ /api/negotiation/start                                    2.04 kB         104 kB
Ôö£ ãÆ /api/negotiation/status                                   2.04 kB         104 kB
Ôö£ ãÆ /api/onboarding/complete-step                             2.04 kB         104 kB
Ôö£ ãÆ /api/onboarding/skip                                      2.04 kB         104 kB
Ôö£ ãÆ /api/onboarding/start                                     2.04 kB         104 kB
Ôö£ ãÆ /api/onboarding/status                                    2.04 kB         104 kB
Ôö£ ãÆ /api/operator/insights                                    2.04 kB         104 kB
Ôö£ ãÆ /api/operator/playbooks                                   2.04 kB         104 kB
Ôö£ ãÆ /api/operator/profile                                     2.04 kB         104 kB
Ôö£ ãÆ /api/operator/queue                                       2.04 kB         104 kB
Ôö£ ãÆ /api/operator/reports                                     2.04 kB         104 kB
Ôö£ ãÆ /api/operator/review                                      2.04 kB         104 kB
Ôö£ ãÆ /api/opportunities/generate                               2.04 kB         104 kB
Ôö£ ãÆ /api/opportunities/list                                   2.04 kB         104 kB
Ôö£ ãÆ /api/optimizer/profile                                    2.04 kB         104 kB
Ôö£ ãÆ /api/optimizer/run                                        2.04 kB         104 kB
Ôö£ ãÆ /api/optimizer/status                                     2.04 kB         104 kB
Ôö£ ãÆ /api/orchestration/scheduler                              2.04 kB         104 kB
Ôö£ ãÆ /api/orchestration/schedules                              2.04 kB         104 kB
Ôö£ ãÆ /api/orchestrator/dashboard/tasks                         2.04 kB         104 kB
Ôö£ ãÆ /api/orchestrator/dashboard/tasks/[id]                    2.04 kB         104 kB
Ôö£ ãÆ /api/orchestrator/dashboard/tasks/[id]/evidence           2.04 kB         104 kB
Ôö£ ãÆ /api/orchestrator/dashboard/tasks/[id]/failures           2.04 kB         104 kB
Ôö£ ãÆ /api/orchestrator/dashboard/tasks/[id]/retry              2.04 kB         104 kB
Ôö£ ãÆ /api/orchestrator/dashboard/tasks/[id]/steps              2.04 kB         104 kB
Ôö£ ãÆ /api/orchestrator/execute                                 2.04 kB         104 kB
Ôö£ ãÆ /api/orchestrator/plan                                    2.04 kB         104 kB
Ôö£ ãÆ /api/orchestrator/status                                  2.04 kB         104 kB
Ôö£ ãÆ /api/organization/clients                                 2.04 kB         104 kB
Ôö£ ãÆ /api/organizations                                        2.04 kB         104 kB
Ôö£ ãÆ /api/organizations/create                                 2.04 kB         104 kB
Ôö£ ãÆ /api/pair-operator/chat                                   2.04 kB         104 kB
Ôö£ ãÆ /api/pair-operator/suggestions                            2.04 kB         104 kB
Ôö£ ãÆ /api/patterns/library                                     2.04 kB         104 kB
Ôö£ ãÆ /api/patterns/match                                       2.04 kB         104 kB
Ôö£ ãÆ /api/payments/create-checkout-session                     2.04 kB         104 kB
Ôö£ ãÆ /api/payments/stripe-webhook                              2.04 kB         104 kB
Ôö£ ãÆ /api/performance-reality/external-signals                 2.04 kB         104 kB
Ôö£ ãÆ /api/performance-reality/snapshots                        2.04 kB         104 kB
Ôö£ ãÆ /api/performance-reality/snapshots/[id]                   2.04 kB         104 kB
Ôö£ ãÆ /api/performance-reality/strip                            2.04 kB         104 kB
Ôö£ ãÆ /api/performance/normalized                               2.04 kB         104 kB
Ôö£ ãÆ /api/playbooks/intelligence                               2.04 kB         104 kB
Ôö£ ãÆ /api/posting-execution/execute                            2.04 kB         104 kB
Ôö£ ãÆ /api/posting-execution/preflight                          2.04 kB         104 kB
Ôö£ ãÆ /api/posting-execution/rollback                           2.04 kB         104 kB
Ôö£ ãÆ /api/posting-execution/scheduler                          2.04 kB         104 kB
Ôö£ ãÆ /api/posting/attempts                                     2.04 kB         104 kB
Ôö£ ãÆ /api/posting/scheduler                                    2.04 kB         104 kB
Ôö£ ãÆ /api/postmortem/incidents                                 2.04 kB         104 kB
Ôö£ ãÆ /api/postmortem/report                                    2.04 kB         104 kB
Ôö£ ãÆ /api/pre-clients                                          2.04 kB         104 kB
Ôö£ ãÆ /api/pre-clients/[id]                                     2.04 kB         104 kB
Ôö£ ãÆ /api/pre-clients/[id]/ingest-history                      2.04 kB         104 kB
Ôö£ ãÆ /api/pre-clients/[id]/insights                            2.04 kB         104 kB
Ôö£ ãÆ /api/pre-clients/[id]/threads                             2.04 kB         104 kB
Ôö£ ãÆ /api/pre-clients/[id]/timeline                            2.04 kB         104 kB
Ôö£ ãÆ /api/predictions/success                                  2.04 kB         104 kB
Ôö£ ãÆ /api/privacy/subject-access-request                       2.04 kB         104 kB
Ôö£ ãÆ /api/production/jobs                                      2.04 kB         104 kB
Ôö£ ãÆ /api/profile                                              2.04 kB         104 kB
Ôö£ ãÆ /api/profile/avatar                                       2.04 kB         104 kB
Ôö£ ãÆ /api/profile/update                                       2.04 kB         104 kB
Ôö£ ãÆ /api/projects                                             2.04 kB         104 kB
Ôö£ ãÆ /api/projects/[projectId]/mindmap                         2.04 kB         104 kB
Ôö£ ãÆ /api/projects/create                                      2.04 kB         104 kB
Ôö£ ãÆ /api/reasoning/start                                      2.04 kB         104 kB
Ôö£ ãÆ /api/reasoning/trace                                      2.04 kB         104 kB
Ôö£ ãÆ /api/regions/[regionId]/snapshot                          2.04 kB         104 kB
Ôö£ ãÆ /api/regions/convergence/generate                         2.04 kB         104 kB
Ôö£ ãÆ /api/regions/convergence/packets                          2.04 kB         104 kB
Ôö£ ãÆ /api/regions/health                                       2.04 kB         104 kB
Ôö£ ãÆ /api/regions/transfer-safety                              2.04 kB         104 kB
Ôö£ ãÆ /api/report/get                                           2.04 kB         104 kB
Ôö£ ãÆ /api/reports/analytics                                    2.04 kB         104 kB
Ôö£ ãÆ /api/reports/audit                                        2.04 kB         104 kB
Ôö£ ãÆ /api/reports/client                                       2.04 kB         104 kB
Ôö£ ãÆ /api/reports/export                                       2.04 kB         104 kB
Ôö£ ãÆ /api/reports/financial                                    2.04 kB         104 kB
Ôö£ ãÆ /api/reports/preview                                      2.04 kB         104 kB
Ôö£ ãÆ /api/reports/sample-by-persona                            2.04 kB         104 kB
Ôö£ ãÆ /api/roadmap/generate                                     2.04 kB         104 kB
Ôö£ ãÆ /api/roadmap/list                                         2.04 kB         104 kB
Ôö£ ãÆ /api/safety/enforce                                       2.04 kB         104 kB
Ôö£ ãÆ /api/safety/intervene                                     2.04 kB         104 kB
Ôö£ ãÆ /api/safety/ledger                                        2.04 kB         104 kB
Ôö£ ãÆ /api/safety/status                                        2.04 kB         104 kB
Ôö£ ãÆ /api/scaling-mode/config                                  2.04 kB         104 kB
Ôö£ ãÆ /api/scaling-mode/health                                  2.04 kB         104 kB
Ôö£ ãÆ /api/scaling-mode/history                                 2.04 kB         104 kB
Ôö£ ãÆ /api/scraping/analyze                                     2.04 kB         104 kB
Ôö£ ãÆ /api/scraping/monitor                                     2.04 kB         104 kB
Ôö£ ãÆ /api/search-suite/alerts                                  2.04 kB         104 kB
Ôö£ ãÆ /api/search-suite/keywords                                2.04 kB         104 kB
Ôö£ ãÆ /api/self-healing/jobs                                    2.04 kB         104 kB
Ôö£ ãÆ /api/self-healing/patches                                 2.04 kB         104 kB
Ôö£ ãÆ /api/seo-enhancement/audit                                2.04 kB         104 kB
Ôö£ ãÆ /api/seo-enhancement/competitors                          2.04 kB         104 kB
Ôö£ ãÆ /api/seo-enhancement/content                              2.04 kB         104 kB
Ôö£ ãÆ /api/seo-enhancement/ctr                                  2.04 kB         104 kB
Ôö£ ãÆ /api/seo-enhancement/schema                               2.04 kB         104 kB
Ôö£ ãÆ /api/seo-leak/audit                                       2.04 kB         104 kB
Ôö£ ãÆ /api/seo-leak/gaps                                        2.04 kB         104 kB
Ôö£ ãÆ /api/seo-leak/schema                                      2.04 kB         104 kB
Ôö£ ãÆ /api/seo-leak/signals                                     2.04 kB         104 kB
Ôö£ ãÆ /api/seo/bing/query                                       2.04 kB         104 kB
Ôö£ ãÆ /api/seo/bing/save-key                                    2.04 kB         104 kB
Ôö£ ãÆ /api/seo/brave/auth-url                                   2.04 kB         104 kB
Ôö£ ãÆ /api/seo/brave/callback                                   2.04 kB         104 kB
Ôö£ ãÆ /api/seo/brave/query                                      2.04 kB         104 kB
Ôö£ ãÆ /api/seo/competitive-benchmark                            2.04 kB         104 kB
Ôö£ ãÆ /api/seo/credentials/list                                 2.04 kB         104 kB
Ôö£ ãÆ /api/seo/gsc/auth-url                                     2.04 kB         104 kB
Ôö£ ãÆ /api/seo/gsc/callback                                     2.04 kB         104 kB
Ôö£ ãÆ /api/seo/gsc/query                                        2.04 kB         104 kB
Ôö£ ãÆ /api/seo/keyword-gap                                      2.04 kB         104 kB
Ôö£ ãÆ /api/seo/sync-rankings                                    2.04 kB         104 kB
Ôö£ ãÆ /api/sequences/[id]                                       2.04 kB         104 kB
Ôö£ ãÆ /api/sequences/generate                                   2.04 kB         104 kB
Ôö£ ãÆ /api/signal-purity/snapshots                              2.04 kB         104 kB
Ôö£ ãÆ /api/sites                                                2.04 kB         104 kB
Ôö£ ãÆ /api/sites/scan                                           2.04 kB         104 kB
Ôö£ ãÆ /api/social-inbox/accounts                                2.04 kB         104 kB
Ôö£ ãÆ /api/social-inbox/messages                                2.04 kB         104 kB
Ôö£ ãÆ /api/social-inbox/reply                                   2.04 kB         104 kB
Ôö£ ãÆ /api/social-inbox/triage                                  2.04 kB         104 kB
Ôö£ ãÆ /api/social-templates/[id]                                2.04 kB         104 kB
Ôö£ ãÆ /api/social-templates/[id]/duplicate                      2.04 kB         104 kB
Ôö£ ãÆ /api/social-templates/[id]/favorite                       2.04 kB         104 kB
Ôö£ ãÆ /api/social-templates/[id]/track-usage                    2.04 kB         104 kB
Ôö£ ãÆ /api/social-templates/[id]/variations                     2.04 kB         104 kB
Ôö£ ãÆ /api/social-templates/bulk                                2.04 kB         104 kB
Ôö£ ãÆ /api/social-templates/export                              2.04 kB         104 kB
Ôö£ ãÆ /api/social-templates/generate                            2.04 kB         104 kB
Ôö£ ãÆ /api/social-templates/search                              2.04 kB         104 kB
Ôö£ ãÆ /api/social-templates/stats                               2.04 kB         104 kB
Ôö£ ãÆ /api/staff/activity                                       2.04 kB         104 kB
Ôö£ ãÆ /api/staff/me                                             2.04 kB         104 kB
Ôö£ ãÆ /api/staff/projects                                       2.04 kB         104 kB
Ôö£ ãÆ /api/staff/projects/create                                2.04 kB         104 kB
Ôö£ ãÆ /api/staff/proposal-scope/get                             2.04 kB         104 kB
Ôö£ ãÆ /api/staff/proposal-scope/save                            2.04 kB         104 kB
Ôö£ ãÆ /api/staff/scope-ai/generate                              2.04 kB         104 kB
Ôö£ ãÆ /api/staff/tasks                                          2.04 kB         104 kB
Ôö£ ãÆ /api/staff/tasks/[id]                                     2.04 kB         104 kB
Ôö£ ãÆ /api/staff/time/approve                                   2.04 kB         104 kB
Ôö£ ãÆ /api/staff/time/entries                                   2.04 kB         104 kB
Ôö£ ãÆ /api/staff/time/manual                                    2.04 kB         104 kB
Ôö£ ãÆ /api/staff/time/start                                     2.04 kB         104 kB
Ôö£ ãÆ /api/staff/time/stop                                      2.04 kB         104 kB
Ôö£ ãÆ /api/staff/time/xero-sync                                 2.04 kB         104 kB
Ôö£ ãÆ /api/storytelling/run                                     2.04 kB         104 kB
Ôö£ ãÆ /api/storytelling/touchpoints                             2.04 kB         104 kB
Ôö£ ãÆ /api/strategy/create                                      2.04 kB         104 kB
Ôö£ ãÆ /api/strategy/drift                                       2.04 kB         104 kB
Ôö£ ãÆ /api/strategy/evaluate                                    2.04 kB         104 kB
Ôö£ ãÆ /api/strategy/history                                     2.04 kB         104 kB
Ôö£ ãÆ /api/strategy/horizon/generate                            2.04 kB         104 kB
Ôö£ ãÆ /api/strategy/horizon/kpi                                 2.04 kB         104 kB
Ôö£ ãÆ /api/strategy/horizon/list                                2.04 kB         104 kB
Ôö£ ãÆ /api/strategy/init                                        2.04 kB         104 kB
Ôö£ ãÆ /api/strategy/nodes                                       2.04 kB         104 kB
Ôö£ ãÆ /api/strategy/refine                                      2.04 kB         104 kB
Ôö£ ãÆ /api/strategy/report                                      2.04 kB         104 kB
Ôö£ ãÆ /api/strategy/signoff                                     2.04 kB         104 kB
Ôö£ ãÆ /api/strategy/simulate                                    2.04 kB         104 kB
Ôö£ ãÆ /api/strategy/status                                      2.04 kB         104 kB
Ôö£ ãÆ /api/stripe/checkout                                      2.04 kB         104 kB
Ôö£ ãÆ /api/stripe/webhook                                       2.04 kB         104 kB
Ôö£ ãÆ /api/subscription/[orgId]                                 2.04 kB         104 kB
Ôö£ ãÆ /api/subscription/cancel                                  2.04 kB         104 kB
Ôö£ ãÆ /api/subscription/downgrade                               2.04 kB         104 kB
Ôö£ ãÆ /api/subscription/invoices                                2.04 kB         104 kB
Ôö£ ãÆ /api/subscription/portal                                  2.04 kB         104 kB
Ôö£ ãÆ /api/subscription/reactivate                              2.04 kB         104 kB
Ôö£ ãÆ /api/subscription/upgrade                                 2.04 kB         104 kB
Ôö£ ãÆ /api/subscriptions/create-checkout                        2.04 kB         104 kB
Ôö£ ãÆ /api/synthex/billing                                      2.04 kB         104 kB
Ôö£ ãÆ /api/synthex/job                                          2.04 kB         104 kB
Ôö£ ãÆ /api/synthex/offer                                        2.04 kB         104 kB
Ôö£ ãÆ /api/synthex/offers                                       2.04 kB         104 kB
Ôö£ ãÆ /api/synthex/preview                                      2.04 kB         104 kB
Ôö£ ãÆ /api/synthex/seo/analyses                                 2.04 kB         104 kB
Ôö£ ãÆ /api/synthex/seo/analyze                                  2.04 kB         104 kB
Ôö£ ãÆ /api/synthex/tenant                                       2.04 kB         104 kB
Ôö£ ãÆ /api/synthex/video/generate                               2.04 kB         104 kB
Ôö£ ãÆ /api/synthex/video/jobs                                   2.04 kB         104 kB
Ôö£ ãÆ /api/synthex/video/templates                              2.04 kB         104 kB
Ôö£ ãÆ /api/synthex/visual/brand-kits                            2.04 kB         104 kB
Ôö£ ãÆ /api/synthex/visual/capabilities                          2.04 kB         104 kB
Ôö£ ãÆ /api/synthex/visual/generate                              2.04 kB         104 kB
Ôö£ ãÆ /api/synthex/visual/jobs                                  2.04 kB         104 kB
Ôö£ ãÆ /api/system/health                                        2.04 kB         104 kB
Ôö£ ãÆ /api/team                                                 2.04 kB         104 kB
Ôö£ ãÆ /api/team/[id]                                            2.04 kB         104 kB
Ôö£ ãÆ /api/test-opus-4-5                                        2.04 kB         104 kB
Ôö£ ãÆ /api/test-rate-limit                                      2.04 kB         104 kB
Ôö£ ãÆ /api/test/db                                              2.04 kB         104 kB
Ôö£ ãÆ /api/testing/chaos                                        2.04 kB         104 kB
Ôö£ ãÆ /api/testing/load                                         2.04 kB         104 kB
Ôö£ ãÆ /api/tracking/pixel/[trackingPixelId]                     2.04 kB         104 kB
Ôö£ ãÆ /api/training/insights                                    2.04 kB         104 kB
Ôö£ ãÆ /api/training/recommendations                             2.04 kB         104 kB
Ôö£ ãÆ /api/trends/temporal                                      2.04 kB         104 kB
Ôö£ ãÆ /api/trial/activity                                       2.04 kB         104 kB
Ôö£ ãÆ /api/trial/profile                                        2.04 kB         104 kB
Ôö£ ãÆ /api/trial/status                                         2.04 kB         104 kB
Ôö£ ãÆ /api/trust/audit                                          2.04 kB         104 kB
Ôö£ ãÆ /api/trust/configure-scopes                               2.04 kB         104 kB
Ôö£ ãÆ /api/trust/init                                           2.04 kB         104 kB
Ôö£ ãÆ /api/trust/report                                         2.04 kB         104 kB
Ôö£ ãÆ /api/trust/signature/callback                             2.04 kB         104 kB
Ôö£ ãÆ /api/trust/signature/init                                 2.04 kB         104 kB
Ôö£ ãÆ /api/trust/status                                         2.04 kB         104 kB
Ôö£ ãÆ /api/trust/verify-ownership                               2.04 kB         104 kB
Ôö£ ãÆ /api/v1/agents/orchestrator                               2.04 kB         104 kB
Ôö£ ãÆ /api/v1/auth/session                                      2.04 kB         104 kB
Ôö£ ãÆ /api/v1/campaigns                                         2.04 kB         104 kB
Ôö£ ãÆ /api/v1/contacts                                          2.04 kB         104 kB
Ôö£ ãÆ /api/v1/contacts/[id]                                     2.04 kB         104 kB
Ôö£ ãÆ /api/v1/emails                                            2.04 kB         104 kB
Ôö£ ãÆ /api/v1/health                                            2.04 kB         104 kB
Ôö£ ãÆ /api/vault/get                                            2.04 kB         104 kB
Ôö£ ãÆ /api/vault/save                                           2.04 kB         104 kB
Ôö£ ãÆ /api/verify/audit                                         2.04 kB         104 kB
Ôö£ ãÆ /api/verify/claim                                         2.04 kB         104 kB
Ôö£ ãÆ /api/verify/contact                                       2.04 kB         104 kB
Ôö£ ãÆ /api/verify/image                                         2.04 kB         104 kB
Ôö£ ãÆ /api/verify/report                                        2.04 kB         104 kB
Ôö£ ãÆ /api/verify/safety                                        2.04 kB         104 kB
Ôö£ ãÆ /api/verify/scope                                         2.04 kB         104 kB
Ôö£ ãÆ /api/videos/generate                                      2.04 kB         104 kB
Ôö£ ãÆ /api/visual/transformation                                2.04 kB         104 kB
Ôö£ ãÆ /api/voice/log                                            2.04 kB         104 kB
Ôö£ ãÆ /api/webhooks/stripe/[mode]                               2.04 kB         104 kB
Ôö£ ãÆ /api/webhooks/whatsapp                                    2.04 kB         104 kB
Ôö£ ãÆ /api/whatsapp/conversations                               2.04 kB         104 kB
Ôö£ ãÆ /api/whatsapp/conversations/[id]/messages                 2.04 kB         104 kB
Ôö£ ãÆ /api/whatsapp/send                                        2.04 kB         104 kB
Ôö£ ãÆ /api/whatsapp/templates                                   2.04 kB         104 kB
Ôö£ ãÆ /auth/await-approval                                      5.87 kB         167 kB
Ôö£ ãÆ /auth/callback                                            2.04 kB         104 kB
Ôö£ ãÆ /auth/implicit-callback                                   1.72 kB         159 kB
Ôö£ ãÆ /auth/login                                               2.29 kB         155 kB
Ôö£ ãÆ /auth/signin                                              3.34 kB         115 kB
Ôö£ ãÆ /auth/signup                                              4.29 kB         123 kB
Ôö£ ãÆ /billing                                                  5.73 kB         114 kB
Ôö£ ãÆ /blog                                                       205 B         106 kB
Ôö£ ãÆ /brand-demo                                               5.37 kB         119 kB
Ôö£ ãÆ /careers                                                  2.04 kB         104 kB
Ôö£ ãÆ /changelog                                                2.04 kB         104 kB
Ôö£ ãÆ /client                                                     205 B         106 kB
Ôö£ ãÆ /client-dashboard                                         2.04 kB         104 kB
Ôö£ ãÆ /client-portal-demo                                       9.73 kB         118 kB
Ôö£ ãÆ /client/ai-consulting                                     11.4 kB         155 kB
Ôö£ ãÆ /client/assistant                                         6.62 kB         109 kB
Ôö£ ãÆ /client/dashboard/activation                              9.99 kB         178 kB
Ôö£ ãÆ /client/dashboard/alignment                               2.38 kB         125 kB
Ôö£ ãÆ /client/dashboard/approvals                               2.98 kB         105 kB
Ôö£ ãÆ /client/dashboard/archive                                 8.14 kB         164 kB
Ôö£ ãÆ /client/dashboard/capabilities                             2.8 kB         105 kB
Ôö£ ãÆ /client/dashboard/enhancements                            3.29 kB         105 kB
Ôö£ ãÆ /client/dashboard/journey                                  3.6 kB         133 kB
Ôö£ ãÆ /client/dashboard/overview                                12.9 kB         177 kB
Ôö£ ãÆ /client/dashboard/packs                                   9.11 kB         185 kB
Ôö£ ãÆ /client/dashboard/performance                              7.9 kB         169 kB
Ôö£ ãÆ /client/dashboard/production                              12.2 kB         223 kB
Ôö£ ãÆ /client/dashboard/reports-center                          3.53 kB         173 kB
Ôö£ ãÆ /client/dashboard/review-packs                            4.38 kB         106 kB
Ôö£ ãÆ /client/dashboard/roadmap                                 2.52 kB         104 kB
Ôö£ ãÆ /client/dashboard/stories                                 2.36 kB         133 kB
Ôö£ ãÆ /client/dashboard/success                                 8.41 kB         173 kB
Ôö£ ãÆ /client/dashboard/timeline                                3.08 kB         105 kB
Ôö£ ãÆ /client/dashboard/touchpoints                             4.67 kB         132 kB
Ôö£ ãÆ /client/dashboard/training                                9.05 kB         184 kB
Ôö£ ãÆ /client/dashboard/vision                                  3.29 kB         105 kB
Ôö£ ãÆ /client/dashboard/visual-intelligence                     8.56 kB         128 kB
Ôö£ ãÆ /client/dashboard/visual-intelligence/campaigns           20.3 kB         166 kB
Ôö£ ãÆ /client/dashboard/visual-playground                       6.46 kB         108 kB
Ôö£ ãÆ /client/dashboard/visual-playground/[pillar]              3.14 kB         105 kB
Ôö£ ãÆ /client/dashboard/visual-playground/[pillar]/[subpillar]  3.91 kB         106 kB
Ôö£ ãÆ /client/dashboard/welcome-pack                             172 kB         340 kB
Ôö£ ãÆ /client/home                                              1.62 kB         104 kB
Ôö£ ãÆ /client/ideas                                             3.75 kB         110 kB
Ôö£ ãÆ /client/login                                             1.36 kB         107 kB
Ôö£ ãÆ /client/onboarding-assistant                              2.06 kB         176 kB
Ôö£ ãÆ /client/projects                                          7.71 kB         165 kB
Ôö£ ãÆ /client/projects/[id]                                      7.2 kB         165 kB
Ôö£ ãÆ /client/projects/[id]/time                                9.03 kB         183 kB
Ôö£ ãÆ /client/proposals                                         10.8 kB         175 kB
Ôö£ ãÆ /client/proposals/cancelled                               4.51 kB         106 kB
Ôö£ ãÆ /client/proposals/checkout                                6.59 kB         171 kB
Ôö£ ãÆ /client/proposals/success                                  4.9 kB         107 kB
Ôö£ ãÆ /client/reports                                           3.12 kB         179 kB
Ôö£ ãÆ /client/seo                                                1.3 kB         219 kB
Ôö£ ãÆ /client/vault                                             21.1 kB         127 kB
Ôö£ ãÆ /client/workspace                                         4.96 kB         176 kB
Ôö£ ãÆ /console                                                  3.43 kB         105 kB
Ôö£ ãÆ /console/aglbase                                          1.86 kB         104 kB
Ôö£ ãÆ /console/aire                                             2.07 kB         104 kB
Ôö£ ãÆ /console/asrs                                             1.89 kB         104 kB
Ôö£ ãÆ /console/egcbi                                            1.73 kB         104 kB
Ôö£ ãÆ /console/grh                                               1.9 kB         104 kB
Ôö£ ãÆ /console/gslpie                                           2.23 kB         104 kB
Ôö£ ãÆ /console/mcse                                             1.99 kB         104 kB
Ôö£ ãÆ /console/raaoe                                            2.09 kB         104 kB
Ôö£ ãÆ /console/sorie                                            1.97 kB         104 kB
Ôö£ ãÆ /console/tcpqel                                           2.29 kB         104 kB
Ôö£ ãÆ /console/ucscel                                           1.95 kB         104 kB
Ôö£ ãÆ /console/upewe                                            1.86 kB         104 kB
Ôö£ ãÆ /contact                                                  6.49 kB         115 kB
Ôö£ ãÆ /crm                                                        510 B         102 kB
Ôö£ ãÆ /crm/admin/devices                                         6.7 kB         168 kB
Ôö£ ãÆ /crm/dashboard                                             5.6 kB         166 kB
Ôö£ ãÆ /crm/staff                                                7.14 kB         165 kB
Ôö£ ãÆ /dashboard                                                  497 B         102 kB
Ôö£ ãÆ /dashboard/admin/sandbox-control                           3.7 kB         106 kB
Ôö£ ãÆ /dashboard/ai-tools                                       4.65 kB         110 kB
Ôö£ ãÆ /dashboard/ai-tools/code-generator                        6.71 kB         174 kB
Ôö£ ãÆ /dashboard/ai-tools/marketing-copy                        7.47 kB         175 kB
Ôö£ ãÆ /dashboard/aido/analytics                                 4.78 kB         166 kB
Ôö£ ãÆ /dashboard/aido/clients                                   6.72 kB         168 kB
Ôö£ ãÆ /dashboard/aido/content                                   8.69 kB         207 kB
Ôö£ ãÆ /dashboard/aido/google-curve                              7.82 kB         191 kB
Ôö£ ãÆ /dashboard/aido/intent-clusters                           6.99 kB         212 kB
Ôö£ ãÆ /dashboard/aido/onboarding                                10.1 kB         178 kB
Ôö£ ãÆ /dashboard/aido/overview                                  6.59 kB         171 kB
Ôö£ ãÆ /dashboard/aido/reality-loop                              8.78 kB         177 kB
Ôö£ ãÆ /dashboard/aido/settings                                  10.5 kB         179 kB
Ôö£ ãÆ /dashboard/analytics                                      4.54 kB         165 kB
Ôö£ ãÆ /dashboard/approvals                                      4.02 kB         186 kB
Ôö£ ãÆ /dashboard/audits                                         5.83 kB         171 kB
Ôö£ ãÆ /dashboard/billing                                        8.21 kB         173 kB
Ôö£ ãÆ /dashboard/brief                                          4.14 kB         169 kB
Ôö£ ãÆ /dashboard/calendar                                       14.6 kB         175 kB
Ôö£ ãÆ /dashboard/campaigns                                        15 kB         156 kB
Ôö£ ãÆ /dashboard/campaigns/drip                                 5.03 kB         110 kB
Ôö£ ãÆ /dashboard/client-assistant                               3.44 kB         153 kB
Ôö£ ãÆ /dashboard/component-library                               6.6 kB         256 kB
Ôö£ ãÆ /dashboard/contacts                                       16.6 kB         231 kB
Ôö£ ãÆ /dashboard/contacts/[id]                                  9.16 kB         188 kB
Ôö£ ãÆ /dashboard/content                                        8.21 kB         187 kB
Ôö£ ãÆ /dashboard/content/templates                              20.2 kB         234 kB
Ôö£ ãÆ /dashboard/drip-campaigns                                 4.27 kB         106 kB
Ôö£ ãÆ /dashboard/email-templates                                4.49 kB         106 kB
Ôö£ ãÆ /dashboard/emails                                         4.67 kB         110 kB
Ôö£ ãÆ /dashboard/emails/sequences                               14.1 kB         218 kB
Ôö£ ãÆ /dashboard/founder/campaigns                              10.1 kB         221 kB
Ôö£ ãÆ /dashboard/insights                                       2.92 kB         105 kB
Ôö£ ãÆ /dashboard/insights/competitors                             16 kB         222 kB
Ôö£ ãÆ /dashboard/intelligence                                   9.22 kB         181 kB
Ôö£ ãÆ /dashboard/marketplace                                    12.4 kB         180 kB
Ôö£ ãÆ /dashboard/media                                          6.76 kB         182 kB
Ôö£ ãÆ /dashboard/meetings                                       8.66 kB         195 kB
Ôö£ ãÆ /dashboard/memory                                         8.75 kB         184 kB
Ôö£ ãÆ /dashboard/messages                                       4.36 kB         110 kB
Ôö£ ãÆ /dashboard/messages/whatsapp                              9.17 kB         224 kB
Ôö£ ãÆ /dashboard/modern                                         4.97 kB         124 kB
Ôö£ ãÆ /dashboard/monitoring                                     7.52 kB         124 kB
Ôö£ ãÆ /dashboard/orchestrator                                   16.1 kB         217 kB
Ôö£ ãÆ /dashboard/overview                                       4.81 kB         176 kB
Ôö£ ãÆ /dashboard/pair-operator                                  5.44 kB         107 kB
Ôö£ ãÆ /dashboard/profile                                        13.2 kB         215 kB
Ôö£ ãÆ /dashboard/projects                                       11.4 kB         190 kB
Ôö£ ãÆ /dashboard/projects/[projectId]/mindmap                   88.4 kB         261 kB
Ôö£ ãÆ /dashboard/projects/new                                   7.38 kB         209 kB
Ôö£ ãÆ /dashboard/queue                                          4.38 kB         169 kB
Ôö£ ãÆ /dashboard/reports                                        4.31 kB         106 kB
Ôö£ ãÆ /dashboard/resources                                      4.36 kB         110 kB
Ôö£ ãÆ /dashboard/resources/landing-pages                        9.94 kB         218 kB
Ôö£ ãÆ /dashboard/resources/landing-pages/[id]                     14 kB         204 kB
Ôö£ ãÆ /dashboard/scope-review                                   4.43 kB         106 kB
Ôö£ ãÆ /dashboard/seo                                            4.27 kB         106 kB
Ôö£ ãÆ /dashboard/settings                                       5.26 kB         173 kB
Ôö£ ãÆ /dashboard/settings/connected-apps                        6.34 kB         178 kB
Ôö£ ãÆ /dashboard/settings/integrations                          10.3 kB         197 kB
Ôö£ ãÆ /dashboard/showcase                                       7.18 kB         172 kB
Ôö£ ãÆ /dashboard/sites                                          7.43 kB         172 kB
Ôö£ ãÆ /dashboard/tasks                                          4.35 kB         106 kB
Ôö£ ãÆ /dashboard/team                                           11.5 kB         220 kB
Ôö£ ãÆ /dashboard/time-tracker                                   4.15 kB         106 kB
Ôö£ ãÆ /dashboard/vault                                           4.7 kB         169 kB
Ôö£ ãÆ /dashboard/workspaces                                     11.1 kB         138 kB
Ôö£ ãÆ /debug-auth                                                1.3 kB         163 kB
Ôö£ ãÆ /demo                                                     1.03 kB         103 kB
Ôö£ ãÆ /demo-workspace                                           5.11 kB         172 kB
Ôö£ ãÆ /demo-workspace/brief                                     6.28 kB         112 kB
Ôö£ ãÆ /demo-workspace/queue                                     4.19 kB         113 kB
Ôö£ ãÆ /demo-workspace/settings                                  10.1 kB         122 kB
Ôö£ ãÆ /demo-workspace/vault                                     6.86 kB         112 kB
Ôö£ ãÆ /demos                                                    10.1 kB         157 kB
Ôö£ ãÆ /docs                                                       205 B         106 kB
Ôö£ ãÆ /error                                                    2.16 kB         108 kB
Ôö£ ãÆ /features                                                 2.12 kB         145 kB
Ôö£ ãÆ /forgot-password                                          7.71 kB         175 kB
Ôö£ ãÆ /founder                                                  8.75 kB         170 kB
Ôö£ ãÆ /founder/agency-switcher                                  6.77 kB         175 kB
Ôö£ ãÆ /founder/agency/[agencyId]/dashboard                      4.93 kB         203 kB
Ôö£ ãÆ /founder/agent-console                                    9.97 kB         162 kB
Ôö£ ãÆ /founder/agents                                           11.1 kB         186 kB
Ôö£ ãÆ /founder/agi-brain                                        6.27 kB         108 kB
Ôö£ ãÆ /founder/agi-console                                      8.64 kB         125 kB
Ôö£ ãÆ /founder/ai-phill                                         7.66 kB         116 kB
Ôö£ ãÆ /founder/ai-workload                                      5.62 kB         174 kB
Ôö£ ãÆ /founder/alignment                                        6.43 kB         174 kB
Ôö£ ãÆ /founder/analysis-agent                                   8.08 kB         183 kB
Ôö£ ãÆ /founder/analytics                                        10.4 kB         212 kB
Ôö£ ãÆ /founder/approvals                                        9.66 kB         118 kB
Ôö£ ãÆ /founder/arbitration                                      4.32 kB         162 kB
Ôö£ ãÆ /founder/autopilot                                          12 kB         213 kB
Ôö£ ãÆ /founder/awareness                                        3.31 kB         165 kB
Ôö£ ãÆ /founder/benchmarks                                       3.71 kB         168 kB
Ôö£ ãÆ /founder/blue-ocean                                       7.97 kB         117 kB
Ôö£ ãÆ /founder/boundary                                         3.67 kB         168 kB
Ôö£ ãÆ /founder/brand-matrix                                        6 kB         122 kB
Ôö£ ãÆ /founder/broadcasts                                       3.52 kB         165 kB
Ôö£ ãÆ /founder/business-vault                                   1.98 kB         114 kB
Ôö£ ãÆ /founder/business-vault/[businessKey]                       205 B         106 kB
Ôö£ ãÆ /founder/businesses                                       6.46 kB         112 kB
Ôö£ ãÆ /founder/businesses/[id]                                  8.32 kB         110 kB
Ôö£ ãÆ /founder/businesses/new                                   7.79 kB         117 kB
Ôö£ ãÆ /founder/charter                                          3.79 kB         168 kB
Ôö£ ãÆ /founder/coaching                                         3.31 kB         165 kB
Ôö£ ãÆ /founder/coalition                                        12.1 kB         180 kB
Ôö£ ãÆ /founder/cognitive-map                                    6.59 kB         175 kB
Ôö£ ãÆ /founder/cognitive-twin                                   4.86 kB         149 kB
Ôö£ ãÆ /founder/cognitive-twin/decisions                           735 B         120 kB
Ôö£ ãÆ /founder/cognitive-twin/decisions/[id]                    10.1 kB         152 kB
Ôö£ ãÆ /founder/cognitive-twin/decisions/new                     8.45 kB         121 kB
Ôö£ ãÆ /founder/cognitive-twin/digests                             735 B         120 kB
Ôö£ ãÆ /founder/cognitive-twin/digests/[id]                      4.83 kB         117 kB
Ôö£ ãÆ /founder/cognitive-twin/domains/[domain]                  6.37 kB         150 kB
Ôö£ ãÆ /founder/cohorts                                          3.69 kB         168 kB
Ôö£ ãÆ /founder/combat                                           8.04 kB         183 kB
Ôö£ ãÆ /founder/compliance                                       8.27 kB         206 kB
Ôö£ ãÆ /founder/content-agent                                    5.51 kB         126 kB
Ôö£ ãÆ /founder/convergence                                      7.07 kB         171 kB
Ôö£ ãÆ /founder/coordination-agent                               7.46 kB         183 kB
Ôö£ ãÆ /founder/council                                          3.74 kB         168 kB
Ôö£ ãÆ /founder/creative-adaptive                                8.35 kB         173 kB
Ôö£ ãÆ /founder/creative-risk                                    5.68 kB         174 kB
Ôö£ ãÆ /founder/dashboard/alignment                              3.87 kB         131 kB
Ôö£ ãÆ /founder/dashboard/archive                                7.26 kB         166 kB
Ôö£ ãÆ /founder/dashboard/assistant                              12.5 kB         188 kB
Ôö£ ãÆ /founder/dashboard/client-stories                         7.86 kB         161 kB
Ôö£ ãÆ /founder/dashboard/creative-director                      8.41 kB         125 kB
Ôö£ ãÆ /founder/dashboard/creative-ops                           11.3 kB         127 kB
Ôö£ ãÆ /founder/dashboard/creative-reactor                       11.2 kB         127 kB
Ôö£ ãÆ /founder/dashboard/director                               10.6 kB         127 kB
Ôö£ ãÆ /founder/dashboard/evolution                              8.34 kB         124 kB
Ôö£ ãÆ /founder/dashboard/executive                              9.59 kB         126 kB
Ôö£ ãÆ /founder/dashboard/financials                             4.43 kB         106 kB
Ôö£ ãÆ /founder/dashboard/first-client-journey                   2.98 kB         125 kB
Ôö£ ãÆ /founder/dashboard/governance                             8.11 kB         124 kB
Ôö£ ãÆ /founder/dashboard/orm                                    9.36 kB         125 kB
Ôö£ ãÆ /founder/dashboard/overview                                4.4 kB         110 kB
Ôö£ ãÆ /founder/dashboard/reports-center                         2.77 kB         169 kB
Ôö£ ãÆ /founder/dashboard/scaling                                9.82 kB         126 kB
Ôö£ ãÆ /founder/dashboard/soft-launch                            10.2 kB         126 kB
Ôö£ ãÆ /founder/dashboard/stability                              10.2 kB         126 kB
Ôö£ ãÆ /founder/dashboard/story-touchpoints                      10.8 kB         160 kB
Ôö£ ãÆ /founder/dashboard/timecard                               4.67 kB         107 kB
Ôö£ ãÆ /founder/decision-pipeline                                5.98 kB         170 kB
Ôö£ ãÆ /founder/desktop-agent                                    9.36 kB         185 kB
Ôö£ ãÆ /founder/early-warnings                                   14.5 kB         192 kB
Ôö£ ãÆ /founder/email-agent                                      6.22 kB         127 kB
Ôö£ ãÆ /founder/engine-health                                    4.13 kB         162 kB
Ôö£ ãÆ /founder/environment-console                              6.07 kB         122 kB
Ôö£ ãÆ /founder/evolution                                        3.44 kB         165 kB
Ôö£ ãÆ /founder/evolution/adjustments                             3.5 kB         165 kB
Ôö£ ãÆ /founder/evolution/kernel                                 5.28 kB         167 kB
Ôö£ ãÆ /founder/evolution/mesh                                   3.54 kB         165 kB
Ôö£ ãÆ /founder/evolution/planner                                3.23 kB         164 kB
Ôö£ ãÆ /founder/evolution/qa                                     3.52 kB         165 kB
Ôö£ ãÆ /founder/evolution/stability                              3.75 kB         165 kB
Ôö£ ãÆ /founder/experiments                                      3.27 kB         165 kB
Ôö£ ãÆ /founder/fairness                                         3.83 kB         168 kB
Ôö£ ãÆ /founder/flight-deck                                      3.46 kB         165 kB
Ôö£ ãÆ /founder/franchise                                        5.23 kB         167 kB
Ôö£ ãÆ /founder/franchise-opportunities                          6.15 kB         174 kB
Ôö£ ãÆ /founder/governance                                        3.4 kB         165 kB
Ôö£ ãÆ /founder/insight-renderer                                 3.25 kB         165 kB
Ôö£ ãÆ /founder/insights                                         6.97 kB         109 kB
Ôö£ ãÆ /founder/intel                                            13.5 kB         159 kB
Ôö£ ãÆ /founder/intel/settings                                   12.1 kB         151 kB
Ôö£ ãÆ /founder/intel/snapshots/[id]                             7.47 kB         133 kB
Ôö£ ãÆ /founder/intelligence-exchange                             3.9 kB         161 kB
Ôö£ ãÆ /founder/intelligence-hub                                 6.74 kB         123 kB
Ôö£ ãÆ /founder/journal                                          8.64 kB         117 kB
Ôö£ ãÆ /founder/knowledge                                        3.27 kB         165 kB
Ôö£ ãÆ /founder/learning-loop                                    3.87 kB         168 kB
Ôö£ ãÆ /founder/load-balance                                        7 kB         171 kB
Ôö£ ãÆ /founder/macro-evolution                                  3.77 kB         168 kB
Ôö£ ãÆ /founder/mandates                                          3.7 kB         168 kB
Ôö£ ãÆ /founder/market                                           6.85 kB         171 kB
Ôö£ ãÆ /founder/marketing                                        4.57 kB         110 kB
Ôö£ ãÆ /founder/marketing/decision-maps                          5.73 kB         111 kB
Ôö£ ãÆ /founder/marketing/playbooks                              5.43 kB         111 kB
Ôö£ ãÆ /founder/marketing/playbooks/[id]                         6.71 kB         112 kB
Ôö£ ãÆ /founder/marketing/visual-demos                            6.3 kB         112 kB
Ôö£ ãÆ /founder/memory                                           6.32 kB         171 kB
Ôö£ ãÆ /founder/memory-spine                                     3.21 kB         164 kB
Ôö£ ãÆ /founder/mesh                                             9.94 kB         182 kB
Ôö£ ãÆ /founder/narratives                                       5.73 kB         174 kB
Ôö£ ãÆ /founder/navigator                                        10.1 kB         182 kB
Ôö£ ãÆ /founder/negotiation                                      33.3 kB         135 kB
Ôö£ ãÆ /founder/opportunities                                    11.1 kB         183 kB
Ôö£ ãÆ /founder/ops-hub                                          2.92 kB         105 kB
Ôö£ ãÆ /founder/optimisation-hub                                    8 kB         124 kB
Ôö£ ãÆ /founder/optimizer                                        6.32 kB         168 kB
Ôö£ ãÆ /founder/orchestration                                    15.7 kB         158 kB
Ôö£ ãÆ /founder/orchestrator                                     12.6 kB         129 kB
Ôö£ ãÆ /founder/pattern-hub                                      3.68 kB         168 kB
Ôö£ ãÆ /founder/patterns                                         3.46 kB         165 kB
Ôö£ ãÆ /founder/performance-normalization                        3.23 kB         165 kB
Ôö£ ãÆ /founder/performance-reality                              7.62 kB         137 kB
Ôö£ ãÆ /founder/performance-reality/[id]                          1.7 kB         118 kB
Ôö£ ãÆ /founder/playbooks                                        3.36 kB         165 kB
Ôö£ ãÆ /founder/posting-engine                                     11 kB         127 kB
Ôö£ ãÆ /founder/posting-execution                                8.16 kB         184 kB
Ôö£ ãÆ /founder/postmortems                                      3.21 kB         164 kB
Ôö£ ãÆ /founder/pre-clients                                      7.89 kB         213 kB
Ôö£ ãÆ /founder/pre-clients/[id]                                 11.3 kB         212 kB
Ôö£ ãÆ /founder/reasoning                                        9.25 kB         125 kB
Ôö£ ãÆ /founder/regions                                          1.89 kB         177 kB
Ôö£ ãÆ /founder/regions/[regionId]                               3.39 kB         178 kB
Ôö£ ãÆ /founder/research-agent                                   5.64 kB         126 kB
Ôö£ ãÆ /founder/roadmap                                          3.34 kB         165 kB
Ôö£ ãÆ /founder/safety                                           10.3 kB         168 kB
Ôö£ ãÆ /founder/scaling-mode                                     11.2 kB         127 kB
Ôö£ ãÆ /founder/scheduling-agent                                 8.43 kB         184 kB
Ôö£ ãÆ /founder/settings                                           12 kB         180 kB
Ôö£ ãÆ /founder/signal-purity                                    6.44 kB         171 kB
Ôö£ ãÆ /founder/stabilisation                                     4.1 kB         162 kB
Ôö£ ãÆ /founder/strategy                                         17.9 kB         231 kB
Ôö£ ãÆ /founder/success-predictions                              5.81 kB         174 kB
Ôö£ ãÆ /founder/synthex-portfolio                                12.8 kB         206 kB
Ôö£ ãÆ /founder/synthex-seo                                      3.66 kB         106 kB
Ôö£ ãÆ /founder/synthex/projects                                  4.1 kB         162 kB
Ôö£ ãÆ /founder/synthex/projects/[projectId]                     4.91 kB         162 kB
Ôö£ ãÆ /founder/system-health                                    7.35 kB         109 kB
Ôö£ ãÆ /founder/training-insights                                 3.3 kB         165 kB
Ôö£ ãÆ /founder/transfer-safety                                   6.6 kB         171 kB
Ôö£ ãÆ /founder/trends                                            5.8 kB         174 kB
Ôö£ ãÆ /inspiration                                              7.85 kB         153 kB
Ôö£ ãÆ /intake-demo                                              8.34 kB         122 kB
Ôö£ ãÆ /integrations                                               205 B         106 kB
Ôö£ ãÆ /landing                                                   6.5 kB         108 kB
Ôö£ ãÆ /landing-local-services                                   2.44 kB         109 kB
Ôö£ ãÆ /landing-restoration                                      2.49 kB         109 kB
Ôö£ ãÆ /landing-trades                                           2.48 kB         109 kB
Ôö£ ãÆ /login                                                     3.6 kB         168 kB
Ôö£ ãÆ /modern-demo                                              10.9 kB         223 kB
Ôö£ ãÆ /onboarding                                               1.23 kB         163 kB
Ôö£ ãÆ /onboarding/geo                                           14.8 kB         218 kB
Ôö£ ãÆ /onboarding/step-1-info                                   6.72 kB         171 kB
Ôö£ ãÆ /onboarding/step-2-payment                                4.84 kB         107 kB
Ôö£ ãÆ /onboarding/step-3-assets                                 7.23 kB         205 kB
Ôö£ ãÆ /onboarding/step-4-contacts                               6.69 kB         171 kB
Ôö£ ãÆ /portal/dashboard                                           353 B         102 kB
Ôö£ ãÆ /pricing                                                  8.74 kB         157 kB
Ôö£ ãÆ /privacy                                                    205 B         106 kB
Ôö£ ÔùÅ /regions/[country]/[city]                                   177 B         108 kB
Ôö£   Ôö£ /regions/australia/brisbane
Ôö£   Ôö£ /regions/australia/ipswich
Ôö£   Ôö£ /regions/australia/gold-coast
Ôö£   Ôöö [+2 more paths]
Ôö£ ãÆ /register                                                 7.82 kB         179 kB
Ôö£ Ôùï /robots.txt                                               2.04 kB         104 kB
Ôö£ ãÆ /security                                                 2.04 kB         104 kB
Ôö£ ãÆ /settings/geo                                             7.33 kB         175 kB
Ôö£ ãÆ /settings/security                                        11.7 kB         191 kB
Ôö£ ãÆ /showcases/components                                     4.02 kB         152 kB
Ôö£ ãÆ /signup                                                   8.57 kB         176 kB
Ôö£ Ôùï /sitemap.xml                                              2.04 kB         104 kB
Ôö£ ãÆ /staff                                                    2.04 kB         104 kB
Ôö£ ãÆ /staff-dashboard                                          2.04 kB         104 kB
Ôö£ ãÆ /staff/activity                                           2.04 kB         104 kB
Ôö£ ãÆ /staff/ads                                                7.75 kB         183 kB
Ôö£ ãÆ /staff/browser-automation                                 10.9 kB         186 kB
Ôö£ ãÆ /staff/copywriting                                        8.72 kB         184 kB
Ôö£ ãÆ /staff/dashboard                                            560 B         103 kB
Ôö£ ãÆ /staff/onboarding-assistant                               1.92 kB         176 kB
Ôö£ ãÆ /staff/projects                                             560 B         103 kB
Ôö£ ãÆ /staff/reports                                            5.94 kB         181 kB
Ôö£ ãÆ /staff/scope-review                                       13.1 kB         211 kB
Ôö£ ãÆ /staff/search-suite                                       10.2 kB         186 kB
Ôö£ ãÆ /staff/seo                                                1.33 kB         219 kB
Ôö£ ãÆ /staff/seo-enhancement                                    7.96 kB         183 kB
Ôö£ ãÆ /staff/settings                                           2.04 kB         104 kB
Ôö£ ãÆ /staff/social-inbox                                       8.38 kB         184 kB
Ôö£ ãÆ /staff/tasks                                              2.04 kB         104 kB
Ôö£ ãÆ /staff/time-tracker                                        8.3 kB         219 kB
Ôö£ ãÆ /subject-access-request                                   12.5 kB         155 kB
Ôö£ ãÆ /support                                                    205 B         106 kB
Ôö£ ãÆ /synthex/dashboard                                        20.4 kB         231 kB
Ôö£ ãÆ /synthex/onboarding                                       16.1 kB         210 kB
Ôö£ ãÆ /terms                                                    2.04 kB         104 kB
Ôö£ ãÆ /unsubscribe                                              6.44 kB         115 kB
Ôö£ ãÆ /videos                                                   9.71 kB         126 kB
Ôö£ ãÆ /visual-experience-engine                                 8.14 kB         155 kB
Ôöö ãÆ /wizard/animation-style                                   16.5 kB         163 kB
+ First Load JS shared by all                                  102 kB
  Ôö£ chunks/31255-561ffba85b2f8928.js                          45.5 kB
  Ôö£ chunks/4bd1b696-bad92808725a934a.js                       54.2 kB
  Ôöö other shared chunks (total)                               2.19 kB


Ôùï  (Static)   prerendered as static content
ÔùÅ  (SSG)      prerendered as static HTML (uses generateStaticParams)
ãÆ  (Dynamic)  server-rendered on demand

