
> unite-hub@1.0.0 build
> next build

   ▲ Next.js 16.0.3 (Turbopack)
   - Environments: .env.local, .env.production
   - Experiments (use with caution):
     ✓ optimizeCss
     · optimizePackageImports

   Creating an optimized production build ...
